08:48:30 **** Clean-only build of configuration Debug for project tcp_test ****
make clean 
rm -rf  ./src/Image_transfer.o ./src/echo.o ./src/i2c_access.o ./src/iic_phyreset.o ./src/main.o ./src/platform.o ./src/platform_mb.o ./src/platform_ppc.o ./src/platform_zynq.o ./src/platform_zynqmp.o ./src/sfp.o ./src/si5324.o  ./src/Image_transfer.d ./src/echo.d ./src/i2c_access.d ./src/iic_phyreset.d ./src/main.d ./src/platform.d ./src/platform_mb.d ./src/platform_ppc.d ./src/platform_zynq.d ./src/platform_zynqmp.d ./src/sfp.d ./src/si5324.d  tcp_test.elf.size  tcp_test.elf
' '
08:48:31 **** Clean-only build of project tcp_test_bsp ****
make -k clean 
make -C ps7_cortexa9_0/libsrc/coresightps_dcc_v1_4/src -s clean 
make -C ps7_cortexa9_0/libsrc/cpu_cortexa9_v2_5/src -s clean 
make -C ps7_cortexa9_0/libsrc/ddrps_v1_0/src -s clean 
make -C ps7_cortexa9_0/libsrc/devcfg_v3_5/src -s clean 
make -C ps7_cortexa9_0/libsrc/dmaps_v2_3/src -s clean 
make -C ps7_cortexa9_0/libsrc/emacps_v3_6/src -s clean 
make -C ps7_cortexa9_0/libsrc/gpiops_v3_3/src -s clean 
make -C ps7_cortexa9_0/libsrc/iicps_v3_5/src -s clean 
make -C ps7_cortexa9_0/libsrc/image_ctl_v1_0/src -s clean 
rm: lstat¡®*.o¡¯Ê§°Ü: Invalid argument
make[1]: *** [clean] ´íÎó 1
make: *** [ps7_cortexa9_0/libsrc/image_ctl_v1_0/src/make.clean] ´íÎó 2
make -C ps7_cortexa9_0/libsrc/lwip141_v2_0/src -s clean 
rm: lstat¡®./*.o¡¯Ê§°Ü: Invalid argument
make[1]: *** [clean] ´íÎó 1
make: *** [ps7_cortexa9_0/libsrc/lwip141_v2_0/src/make.clean] ´íÎó 2
make -C ps7_cortexa9_0/libsrc/qspips_v3_4/src -s clean 
make -C ps7_cortexa9_0/libsrc/scugic_v3_8/src -s clean 
make -C ps7_cortexa9_0/libsrc/scutimer_v2_1/src -s clean 
make -C ps7_cortexa9_0/libsrc/scuwdt_v2_1/src -s clean 
make -C ps7_cortexa9_0/libsrc/sdps_v3_3/src -s clean 
make -C ps7_cortexa9_0/libsrc/standalone_v6_5/src -s clean 
make -C ps7_cortexa9_0/libsrc/uartps_v3_5/src -s clean 
make -C ps7_cortexa9_0/libsrc/usbps_v2_4/src -s clean 
make -C ps7_cortexa9_0/libsrc/xadcps_v2_2/src -s clean 
make: ÓÉÓÚ´íÎóÄ¿±ê¡°clean¡±²¢Î´ÖØÐÂ´´½¨¡£
08:48:37 **** Build of project tcp_test_bsp ****
make -k all 
"Running Make include in ps7_cortexa9_0/libsrc/coresightps_dcc_v1_4/src"
make -C ps7_cortexa9_0/libsrc/coresightps_dcc_v1_4/src -s include  "SHELL=CMD" "COMPILER=arm-none-eabi-gcc" "ARCHIVER=arm-none-eabi-ar" "COMPILER_FLAGS=  -O2 -c" "EXTRA_COMPILER_FLAGS=-mcpu=cortex-a9 -mfpu=vfpv3 -mfloat-abi=hard -nostartfiles -Wall -Wextra"
"Running Make include in ps7_cortexa9_0/libsrc/cpu_cortexa9_v2_5/src"
make -C ps7_cortexa9_0/libsrc/cpu_cortexa9_v2_5/src -s include  "SHELL=CMD" "COMPILER=arm-none-eabi-gcc" "ARCHIVER=arm-none-eabi-ar" "COMPILER_FLAGS=  -O2 -c" "EXTRA_COMPILER_FLAGS=-mcpu=cortex-a9 -mfpu=vfpv3 -mfloat-abi=hard -nostartfiles -Wall -Wextra"
"Running Make include in ps7_cortexa9_0/libsrc/ddrps_v1_0/src"
make -C ps7_cortexa9_0/libsrc/ddrps_v1_0/src -s include  "SHELL=CMD" "COMPILER=arm-none-eabi-gcc" "ARCHIVER=arm-none-eabi-ar" "COMPILER_FLAGS=  -O2 -c" "EXTRA_COMPILER_FLAGS=-mcpu=cortex-a9 -mfpu=vfpv3 -mfloat-abi=hard -nostartfiles -Wall -Wextra"
"Running Make include in ps7_cortexa9_0/libsrc/devcfg_v3_5/src"
make -C ps7_cortexa9_0/libsrc/devcfg_v3_5/src -s include  "SHELL=CMD" "COMPILER=arm-none-eabi-gcc" "ARCHIVER=arm-none-eabi-ar" "COMPILER_FLAGS=  -O2 -c" "EXTRA_COMPILER_FLAGS=-mcpu=cortex-a9 -mfpu=vfpv3 -mfloat-abi=hard -nostartfiles -Wall -Wextra"
"Running Make include in ps7_cortexa9_0/libsrc/dmaps_v2_3/src"
make -C ps7_cortexa9_0/libsrc/dmaps_v2_3/src -s include  "SHELL=CMD" "COMPILER=arm-none-eabi-gcc" "ARCHIVER=arm-none-eabi-ar" "COMPILER_FLAGS=  -O2 -c" "EXTRA_COMPILER_FLAGS=-mcpu=cortex-a9 -mfpu=vfpv3 -mfloat-abi=hard -nostartfiles -Wall -Wextra"
"Running Make include in ps7_cortexa9_0/libsrc/emacps_v3_6/src"
make -C ps7_cortexa9_0/libsrc/emacps_v3_6/src -s include  "SHELL=CMD" "COMPILER=arm-none-eabi-gcc" "ARCHIVER=arm-none-eabi-ar" "COMPILER_FLAGS=  -O2 -c" "EXTRA_COMPILER_FLAGS=-mcpu=cortex-a9 -mfpu=vfpv3 -mfloat-abi=hard -nostartfiles -Wall -Wextra"
"Running Make include in ps7_cortexa9_0/libsrc/gpiops_v3_3/src"
make -C ps7_cortexa9_0/libsrc/gpiops_v3_3/src -s include  "SHELL=CMD" "COMPILER=arm-none-eabi-gcc" "ARCHIVER=arm-none-eabi-ar" "COMPILER_FLAGS=  -O2 -c" "EXTRA_COMPILER_FLAGS=-mcpu=cortex-a9 -mfpu=vfpv3 -mfloat-abi=hard -nostartfiles -Wall -Wextra"
"Running Make include in ps7_cortexa9_0/libsrc/iicps_v3_5/src"
make -C ps7_cortexa9_0/libsrc/iicps_v3_5/src -s include  "SHELL=CMD" "COMPILER=arm-none-eabi-gcc" "ARCHIVER=arm-none-eabi-ar" "COMPILER_FLAGS=  -O2 -c" "EXTRA_COMPILER_FLAGS=-mcpu=cortex-a9 -mfpu=vfpv3 -mfloat-abi=hard -nostartfiles -Wall -Wextra"
"Running Make include in ps7_cortexa9_0/libsrc/image_ctl_v1_0/src"
make -C ps7_cortexa9_0/libsrc/image_ctl_v1_0/src -s include  "SHELL=CMD" "COMPILER=arm-none-eabi-gcc" "ARCHIVER=arm-none-eabi-ar" "COMPILER_FLAGS=  -O2 -c" "EXTRA_COMPILER_FLAGS=-mcpu=cortex-a9 -mfpu=vfpv3 -mfloat-abi=hard -nostartfiles -Wall -Wextra"
"Running Make include in ps7_cortexa9_0/libsrc/lwip141_v2_0/src"
make -C ps7_cortexa9_0/libsrc/lwip141_v2_0/src -s include  "SHELL=CMD" "COMPILER=arm-none-eabi-gcc" "ARCHIVER=arm-none-eabi-ar" "COMPILER_FLAGS=  -O2 -c" "EXTRA_COMPILER_FLAGS=-mcpu=cortex-a9 -mfpu=vfpv3 -mfloat-abi=hard -nostartfiles -Wall -Wextra"
"Running Make include in ps7_cortexa9_0/libsrc/qspips_v3_4/src"
make -C ps7_cortexa9_0/libsrc/qspips_v3_4/src -s include  "SHELL=CMD" "COMPILER=arm-none-eabi-gcc" "ARCHIVER=arm-none-eabi-ar" "COMPILER_FLAGS=  -O2 -c" "EXTRA_COMPILER_FLAGS=-mcpu=cortex-a9 -mfpu=vfpv3 -mfloat-abi=hard -nostartfiles -Wall -Wextra"
"Running Make include in ps7_cortexa9_0/libsrc/scugic_v3_8/src"
make -C ps7_cortexa9_0/libsrc/scugic_v3_8/src -s include  "SHELL=CMD" "COMPILER=arm-none-eabi-gcc" "ARCHIVER=arm-none-eabi-ar" "COMPILER_FLAGS=  -O2 -c" "EXTRA_COMPILER_FLAGS=-mcpu=cortex-a9 -mfpu=vfpv3 -mfloat-abi=hard -nostartfiles -Wall -Wextra"
"Running Make include in ps7_cortexa9_0/libsrc/scutimer_v2_1/src"
make -C ps7_cortexa9_0/libsrc/scutimer_v2_1/src -s include  "SHELL=CMD" "COMPILER=arm-none-eabi-gcc" "ARCHIVER=arm-none-eabi-ar" "COMPILER_FLAGS=  -O2 -c" "EXTRA_COMPILER_FLAGS=-mcpu=cortex-a9 -mfpu=vfpv3 -mfloat-abi=hard -nostartfiles -Wall -Wextra"
"Running Make include in ps7_cortexa9_0/libsrc/scuwdt_v2_1/src"
make -C ps7_cortexa9_0/libsrc/scuwdt_v2_1/src -s include  "SHELL=CMD" "COMPILER=arm-none-eabi-gcc" "ARCHIVER=arm-none-eabi-ar" "COMPILER_FLAGS=  -O2 -c" "EXTRA_COMPILER_FLAGS=-mcpu=cortex-a9 -mfpu=vfpv3 -mfloat-abi=hard -nostartfiles -Wall -Wextra"
"Running Make include in ps7_cortexa9_0/libsrc/sdps_v3_3/src"
make -C ps7_cortexa9_0/libsrc/sdps_v3_3/src -s include  "SHELL=CMD" "COMPILER=arm-none-eabi-gcc" "ARCHIVER=arm-none-eabi-ar" "COMPILER_FLAGS=  -O2 -c" "EXTRA_COMPILER_FLAGS=-mcpu=cortex-a9 -mfpu=vfpv3 -mfloat-abi=hard -nostartfiles -Wall -Wextra"
"Running Make include in ps7_cortexa9_0/libsrc/standalone_v6_5/src"
make -C ps7_cortexa9_0/libsrc/standalone_v6_5/src -s include  "SHELL=CMD" "COMPILER=arm-none-eabi-gcc" "ARCHIVER=arm-none-eabi-ar" "COMPILER_FLAGS=  -O2 -c" "EXTRA_COMPILER_FLAGS=-mcpu=cortex-a9 -mfpu=vfpv3 -mfloat-abi=hard -nostartfiles -Wall -Wextra"
"Running Make include in ps7_cortexa9_0/libsrc/uartps_v3_5/src"
make -C ps7_cortexa9_0/libsrc/uartps_v3_5/src -s include  "SHELL=CMD" "COMPILER=arm-none-eabi-gcc" "ARCHIVER=arm-none-eabi-ar" "COMPILER_FLAGS=  -O2 -c" "EXTRA_COMPILER_FLAGS=-mcpu=cortex-a9 -mfpu=vfpv3 -mfloat-abi=hard -nostartfiles -Wall -Wextra"
"Running Make include in ps7_cortexa9_0/libsrc/usbps_v2_4/src"
make -C ps7_cortexa9_0/libsrc/usbps_v2_4/src -s include  "SHELL=CMD" "COMPILER=arm-none-eabi-gcc" "ARCHIVER=arm-none-eabi-ar" "COMPILER_FLAGS=  -O2 -c" "EXTRA_COMPILER_FLAGS=-mcpu=cortex-a9 -mfpu=vfpv3 -mfloat-abi=hard -nostartfiles -Wall -Wextra"
"Running Make include in ps7_cortexa9_0/libsrc/xadcps_v2_2/src"
make -C ps7_cortexa9_0/libsrc/xadcps_v2_2/src -s include  "SHELL=CMD" "COMPILER=arm-none-eabi-gcc" "ARCHIVER=arm-none-eabi-ar" "COMPILER_FLAGS=  -O2 -c" "EXTRA_COMPILER_FLAGS=-mcpu=cortex-a9 -mfpu=vfpv3 -mfloat-abi=hard -nostartfiles -Wall -Wextra"
"Running Make libs in ps7_cortexa9_0/libsrc/coresightps_dcc_v1_4/src"
make -C ps7_cortexa9_0/libsrc/coresightps_dcc_v1_4/src -s libs  "SHELL=CMD" "COMPILER=arm-none-eabi-gcc" "ARCHIVER=arm-none-eabi-ar" "COMPILER_FLAGS=  -O2 -c" "EXTRA_COMPILER_FLAGS=-mcpu=cortex-a9 -mfpu=vfpv3 -mfloat-abi=hard -nostartfiles -Wall -Wextra"
"Compiling coresightps_dcc"
arm-none-eabi-ar: creating ../../../lib/libxil.a
"Running Make libs in ps7_cortexa9_0/libsrc/cpu_cortexa9_v2_5/src"
make -C ps7_cortexa9_0/libsrc/cpu_cortexa9_v2_5/src -s libs  "SHELL=CMD" "COMPILER=arm-none-eabi-gcc" "ARCHIVER=arm-none-eabi-ar" "COMPILER_FLAGS=  -O2 -c" "EXTRA_COMPILER_FLAGS=-mcpu=cortex-a9 -mfpu=vfpv3 -mfloat-abi=hard -nostartfiles -Wall -Wextra"
"Compiling cpu_cortexa9"
"Running Make libs in ps7_cortexa9_0/libsrc/ddrps_v1_0/src"
make -C ps7_cortexa9_0/libsrc/ddrps_v1_0/src -s libs  "SHELL=CMD" "COMPILER=arm-none-eabi-gcc" "ARCHIVER=arm-none-eabi-ar" "COMPILER_FLAGS=  -O2 -c" "EXTRA_COMPILER_FLAGS=-mcpu=cortex-a9 -mfpu=vfpv3 -mfloat-abi=hard -nostartfiles -Wall -Wextra"
"Compiling ddrps"
"Running Make libs in ps7_cortexa9_0/libsrc/devcfg_v3_5/src"
make -C ps7_cortexa9_0/libsrc/devcfg_v3_5/src -s libs  "SHELL=CMD" "COMPILER=arm-none-eabi-gcc" "ARCHIVER=arm-none-eabi-ar" "COMPILER_FLAGS=  -O2 -c" "EXTRA_COMPILER_FLAGS=-mcpu=cortex-a9 -mfpu=vfpv3 -mfloat-abi=hard -nostartfiles -Wall -Wextra"
"Compiling devcfg"
"Running Make libs in ps7_cortexa9_0/libsrc/dmaps_v2_3/src"
make -C ps7_cortexa9_0/libsrc/dmaps_v2_3/src -s libs  "SHELL=CMD" "COMPILER=arm-none-eabi-gcc" "ARCHIVER=arm-none-eabi-ar" "COMPILER_FLAGS=  -O2 -c" "EXTRA_COMPILER_FLAGS=-mcpu=cortex-a9 -mfpu=vfpv3 -mfloat-abi=hard -nostartfiles -Wall -Wextra"
"Compiling dmaps"
"Running Make libs in ps7_cortexa9_0/libsrc/emacps_v3_6/src"
make -C ps7_cortexa9_0/libsrc/emacps_v3_6/src -s libs  "SHELL=CMD" "COMPILER=arm-none-eabi-gcc" "ARCHIVER=arm-none-eabi-ar" "COMPILER_FLAGS=  -O2 -c" "EXTRA_COMPILER_FLAGS=-mcpu=cortex-a9 -mfpu=vfpv3 -mfloat-abi=hard -nostartfiles -Wall -Wextra"
"Compiling emacps"
"Running Make libs in ps7_cortexa9_0/libsrc/gpiops_v3_3/src"
make -C ps7_cortexa9_0/libsrc/gpiops_v3_3/src -s libs  "SHELL=CMD" "COMPILER=arm-none-eabi-gcc" "ARCHIVER=arm-none-eabi-ar" "COMPILER_FLAGS=  -O2 -c" "EXTRA_COMPILER_FLAGS=-mcpu=cortex-a9 -mfpu=vfpv3 -mfloat-abi=hard -nostartfiles -Wall -Wextra"
"Compiling gpiops"
"Running Make libs in ps7_cortexa9_0/libsrc/iicps_v3_5/src"
make -C ps7_cortexa9_0/libsrc/iicps_v3_5/src -s libs  "SHELL=CMD" "COMPILER=arm-none-eabi-gcc" "ARCHIVER=arm-none-eabi-ar" "COMPILER_FLAGS=  -O2 -c" "EXTRA_COMPILER_FLAGS=-mcpu=cortex-a9 -mfpu=vfpv3 -mfloat-abi=hard -nostartfiles -Wall -Wextra"
"Compiling iicps"
"Running Make libs in ps7_cortexa9_0/libsrc/image_ctl_v1_0/src"
make -C ps7_cortexa9_0/libsrc/image_ctl_v1_0/src -s libs  "SHELL=CMD" "COMPILER=arm-none-eabi-gcc" "ARCHIVER=arm-none-eabi-ar" "COMPILER_FLAGS=  -O2 -c" "EXTRA_COMPILER_FLAGS=-mcpu=cortex-a9 -mfpu=vfpv3 -mfloat-abi=hard -nostartfiles -Wall -Wextra"
"Compiling image_ctl..."
image_ctl_selftest.c: In function 'IMAGE_CTL_Reg_SelfTest':
image_ctl_selftest.c:52:58: warning: comparison between signed and unsigned integer expressions [-Wsign-compare]
    if ( IMAGE_CTL_mReadReg (baseaddr, read_loop_index*4) != (read_loop_index+1)*READ_WRITE_MUL_FACTOR){
                                                          ^~
image_ctl_selftest.c:36:6: warning: unused variable 'Index' [-Wunused-variable]
  int Index;
      ^~~~~
"Running Make libs in ps7_cortexa9_0/libsrc/lwip141_v2_0/src"
make -C ps7_cortexa9_0/libsrc/lwip141_v2_0/src -s libs  "SHELL=CMD" "COMPILER=arm-none-eabi-gcc" "ARCHIVER=arm-none-eabi-ar" "COMPILER_FLAGS=  -O2 -c" "EXTRA_COMPILER_FLAGS=-mcpu=cortex-a9 -mfpu=vfpv3 -mfloat-abi=hard -nostartfiles -Wall -Wextra"
"Compiling lwip src and adapter files"
In file included from ../../../include/lwip/ip.h:39:0,
                 from lwip-1.4.1/src/core/ipv4/ip.c:42:
lwip-1.4.1/src/core/ipv4/ip.c: In function 'ip_input':
../../../include/lwip/ip_addr.h:200:39: warning: the comparison will always evaluate as 'false' for the address of 'current_iphdr_src' will never be NULL [-Waddress]
 #define ip_addr_isany(addr1) ((addr1) == NULL || (addr1)->addr == IPADDR_ANY)
                                       ^
lwip-1.4.1/src/core/ipv4/ip.c:473:24: note: in expansion of macro 'ip_addr_isany'
   if (check_ip_src && !ip_addr_isany(&current_iphdr_src))
                        ^~~~~~~~~~~~~
lwip-1.4.1/src/core/tcp.c: In function 'tcp_recved':
lwip-1.4.1/src/core/tcp.c:622:20: warning: comparison is always false due to limited range of data type [-Wtype-limits]
   if (pcb->rcv_wnd > TCP_WND) {
                    ^
In file included from ../../../include/lwip/netif.h:41:0,
                 from ../../../include/lwip/udp.h:40,
                 from lwip-1.4.1/src/core/dhcp.c:75:
lwip-1.4.1/src/core/dhcp.c: In function 'dhcp_bind':
../../../include/lwip/ip_addr.h:200:39: warning: the comparison will always evaluate as 'false' for the address of 'gw_addr' will never be NULL [-Waddress]
 #define ip_addr_isany(addr1) ((addr1) == NULL || (addr1)->addr == IPADDR_ANY)
                                       ^
lwip-1.4.1/src/core/dhcp.c:987:7: note: in expansion of macro 'ip_addr_isany'
   if (ip_addr_isany(&gw_addr)) {
       ^~~~~~~~~~~~~
In file included from ../../../include/xemacps.h:348:0,
                 from ../../../include/netif/xemacpsif.h:59,
                 from contrib/ports/xilinx/netif/xemacpsif_dma.c:39:
contrib/ports/xilinx/netif/xemacpsif_dma.c: In function 'init_dma':
../../../include/xemacps_bd.h:163:62: warning: 'bdrxterminate' may be used uninitialized in this function [-Wmaybe-uninitialized]
     (*(u32 *)((UINTPTR)(void*)(BaseAddress) + (u32)(Offset)) = (u32)(Data))
                                                              ^
contrib/ports/xilinx/netif/xemacpsif_dma.c:558:14: note: 'bdrxterminate' was declared here
  XEmacPs_Bd *bdrxterminate;
              ^~~~~~~~~~~~~
In file included from ../../../include/xemacps.h:348:0,
                 from ../../../include/netif/xemacpsif.h:59,
                 from contrib/ports/xilinx/netif/xemacpsif_dma.c:39:
../../../include/xemacps_bd.h:163:15: warning: 'bdtxterminate' may be used uninitialized in this function [-Wmaybe-uninitialized]
     (*(u32 *)((UINTPTR)(void*)(BaseAddress) + (u32)(Offset)) = (u32)(Data))
               ^
contrib/ports/xilinx/netif/xemacpsif_dma.c:557:14: note: 'bdtxterminate' was declared here
  XEmacPs_Bd *bdtxterminate;
              ^~~~~~~~~~~~~
"Running Make libs in ps7_cortexa9_0/libsrc/qspips_v3_4/src"
make -C ps7_cortexa9_0/libsrc/qspips_v3_4/src -s libs  "SHELL=CMD" "COMPILER=arm-none-eabi-gcc" "ARCHIVER=arm-none-eabi-ar" "COMPILER_FLAGS=  -O2 -c" "EXTRA_COMPILER_FLAGS=-mcpu=cortex-a9 -mfpu=vfpv3 -mfloat-abi=hard -nostartfiles -Wall -Wextra"
"Compiling qspips"
"Running Make libs in ps7_cortexa9_0/libsrc/scugic_v3_8/src"
make -C ps7_cortexa9_0/libsrc/scugic_v3_8/src -s libs  "SHELL=CMD" "COMPILER=arm-none-eabi-gcc" "ARCHIVER=arm-none-eabi-ar" "COMPILER_FLAGS=  -O2 -c" "EXTRA_COMPILER_FLAGS=-mcpu=cortex-a9 -mfpu=vfpv3 -mfloat-abi=hard -nostartfiles -Wall -Wextra"
"Compiling scugic"
"Running Make libs in ps7_cortexa9_0/libsrc/scutimer_v2_1/src"
make -C ps7_cortexa9_0/libsrc/scutimer_v2_1/src -s libs  "SHELL=CMD" "COMPILER=arm-none-eabi-gcc" "ARCHIVER=arm-none-eabi-ar" "COMPILER_FLAGS=  -O2 -c" "EXTRA_COMPILER_FLAGS=-mcpu=cortex-a9 -mfpu=vfpv3 -mfloat-abi=hard -nostartfiles -Wall -Wextra"
"Compiling scutimer"
"Running Make libs in ps7_cortexa9_0/libsrc/scuwdt_v2_1/src"
make -C ps7_cortexa9_0/libsrc/scuwdt_v2_1/src -s libs  "SHELL=CMD" "COMPILER=arm-none-eabi-gcc" "ARCHIVER=arm-none-eabi-ar" "COMPILER_FLAGS=  -O2 -c" "EXTRA_COMPILER_FLAGS=-mcpu=cortex-a9 -mfpu=vfpv3 -mfloat-abi=hard -nostartfiles -Wall -Wextra"
"Compiling scuwdt"
"Running Make libs in ps7_cortexa9_0/libsrc/sdps_v3_3/src"
make -C ps7_cortexa9_0/libsrc/sdps_v3_3/src -s libs  "SHELL=CMD" "COMPILER=arm-none-eabi-gcc" "ARCHIVER=arm-none-eabi-ar" "COMPILER_FLAGS=  -O2 -c" "EXTRA_COMPILER_FLAGS=-mcpu=cortex-a9 -mfpu=vfpv3 -mfloat-abi=hard -nostartfiles -Wall -Wextra"
"Compiling sdps"
"Running Make libs in ps7_cortexa9_0/libsrc/standalone_v6_5/src"
make -C ps7_cortexa9_0/libsrc/standalone_v6_5/src -s libs  "SHELL=CMD" "COMPILER=arm-none-eabi-gcc" "ARCHIVER=arm-none-eabi-ar" "COMPILER_FLAGS=  -O2 -c" "EXTRA_COMPILER_FLAGS=-mcpu=cortex-a9 -mfpu=vfpv3 -mfloat-abi=hard -nostartfiles -Wall -Wextra"
"Compiling standalone"
"Running Make libs in ps7_cortexa9_0/libsrc/uartps_v3_5/src"
make -C ps7_cortexa9_0/libsrc/uartps_v3_5/src -s libs  "SHELL=CMD" "COMPILER=arm-none-eabi-gcc" "ARCHIVER=arm-none-eabi-ar" "COMPILER_FLAGS=  -O2 -c" "EXTRA_COMPILER_FLAGS=-mcpu=cortex-a9 -mfpu=vfpv3 -mfloat-abi=hard -nostartfiles -Wall -Wextra"
"Compiling uartps"
"Running Make libs in ps7_cortexa9_0/libsrc/usbps_v2_4/src"
make -C ps7_cortexa9_0/libsrc/usbps_v2_4/src -s libs  "SHELL=CMD" "COMPILER=arm-none-eabi-gcc" "ARCHIVER=arm-none-eabi-ar" "COMPILER_FLAGS=  -O2 -c" "EXTRA_COMPILER_FLAGS=-mcpu=cortex-a9 -mfpu=vfpv3 -mfloat-abi=hard -nostartfiles -Wall -Wextra"
"Compiling usbps"
"Running Make libs in ps7_cortexa9_0/libsrc/xadcps_v2_2/src"
make -C ps7_cortexa9_0/libsrc/xadcps_v2_2/src -s libs  "SHELL=CMD" "COMPILER=arm-none-eabi-gcc" "ARCHIVER=arm-none-eabi-ar" "COMPILER_FLAGS=  -O2 -c" "EXTRA_COMPILER_FLAGS=-mcpu=cortex-a9 -mfpu=vfpv3 -mfloat-abi=hard -nostartfiles -Wall -Wextra"
"Compiling xadcps"
'Finished building libraries'
08:50:44 **** Build of configuration Debug for project tcp_test ****
make pre-build main-build 
a9-linaro-pre-build-step
' '
'Building file: ../src/Image_transfer.c'
'Invoking: ARM v7 gcc compiler'
arm-none-eabi-gcc -Wall -O0 -g3 -c -fmessage-length=0 -MT"src/Image_transfer.o" -mcpu=cortex-a9 -mfpu=vfpv3 -mfloat-abi=hard -I../../tcp_test_bsp/ps7_cortexa9_0/include -MMD -MP -MF"src/Image_transfer.d" -MT"src/Image_transfer.o" -o "src/Image_transfer.o" "../src/Image_transfer.c"
../src/Image_transfer.c: In function 'read_out_data':
../src/Image_transfer.c:61:6: warning: unused variable 'out_en' [-Wunused-variable]
  int out_en = 0;
      ^~~~~~
../src/Image_transfer.c: In function 'read_image_data':
../src/Image_transfer.c:116:27: warning: unused variable 'buf_index' [-Wunused-variable]
  int pixel_num = 0, i =0, buf_index = 0;
                           ^~~~~~~~~
../src/Image_transfer.c:116:21: warning: unused variable 'i' [-Wunused-variable]
  int pixel_num = 0, i =0, buf_index = 0;
                     ^
../src/Image_transfer.c: In function 'trans_image_data':
../src/Image_transfer.c:197:6: warning: unused variable 'i' [-Wunused-variable]
  int i;
      ^
'Finished building: ../src/Image_transfer.c'
' '
'Building file: ../src/echo.c'
'Invoking: ARM v7 gcc compiler'
arm-none-eabi-gcc -Wall -O0 -g3 -c -fmessage-length=0 -MT"src/echo.o" -mcpu=cortex-a9 -mfpu=vfpv3 -mfloat-abi=hard -I../../tcp_test_bsp/ps7_cortexa9_0/include -MMD -MP -MF"src/echo.d" -MT"src/echo.o" -o "src/echo.o" "../src/echo.c"
../src/echo.c: In function 'transfer_data':
../src/echo.c:45:1: warning: control reaches end of non-void function [-Wreturn-type]
 }
 ^
'Finished building: ../src/echo.c'
' '
'Building file: ../src/i2c_access.c'
'Invoking: ARM v7 gcc compiler'
arm-none-eabi-gcc -Wall -O0 -g3 -c -fmessage-length=0 -MT"src/i2c_access.o" -mcpu=cortex-a9 -mfpu=vfpv3 -mfloat-abi=hard -I../../tcp_test_bsp/ps7_cortexa9_0/include -MMD -MP -MF"src/i2c_access.d" -MT"src/i2c_access.o" -o "src/i2c_access.o" "../src/i2c_access.c"
'Finished building: ../src/i2c_access.c'
' '
'Building file: ../src/iic_phyreset.c'
'Invoking: ARM v7 gcc compiler'
arm-none-eabi-gcc -Wall -O0 -g3 -c -fmessage-length=0 -MT"src/iic_phyreset.o" -mcpu=cortex-a9 -mfpu=vfpv3 -mfloat-abi=hard -I../../tcp_test_bsp/ps7_cortexa9_0/include -MMD -MP -MF"src/iic_phyreset.d" -MT"src/iic_phyreset.o" -o "src/iic_phyreset.o" "../src/iic_phyreset.c"
'Finished building: ../src/iic_phyreset.c'
' '
'Building file: ../src/main.c'
'Invoking: ARM v7 gcc compiler'
arm-none-eabi-gcc -Wall -O0 -g3 -c -fmessage-length=0 -MT"src/main.o" -mcpu=cortex-a9 -mfpu=vfpv3 -mfloat-abi=hard -I../../tcp_test_bsp/ps7_cortexa9_0/include -MMD -MP -MF"src/main.d" -MT"src/main.o" -o "src/main.o" "../src/main.c"
'Finished building: ../src/main.c'
' '
'Building file: ../src/platform.c'
'Invoking: ARM v7 gcc compiler'
arm-none-eabi-gcc -Wall -O0 -g3 -c -fmessage-length=0 -MT"src/platform.o" -mcpu=cortex-a9 -mfpu=vfpv3 -mfloat-abi=hard -I../../tcp_test_bsp/ps7_cortexa9_0/include -MMD -MP -MF"src/platform.d" -MT"src/platform.o" -o "src/platform.o" "../src/platform.c"
'Finished building: ../src/platform.c'
' '
'Building file: ../src/platform_mb.c'
'Invoking: ARM v7 gcc compiler'
arm-none-eabi-gcc -Wall -O0 -g3 -c -fmessage-length=0 -MT"src/platform_mb.o" -mcpu=cortex-a9 -mfpu=vfpv3 -mfloat-abi=hard -I../../tcp_test_bsp/ps7_cortexa9_0/include -MMD -MP -MF"src/platform_mb.d" -MT"src/platform_mb.o" -o "src/platform_mb.o" "../src/platform_mb.c"
'Finished building: ../src/platform_mb.c'
' '
'Building file: ../src/platform_ppc.c'
'Invoking: ARM v7 gcc compiler'
arm-none-eabi-gcc -Wall -O0 -g3 -c -fmessage-length=0 -MT"src/platform_ppc.o" -mcpu=cortex-a9 -mfpu=vfpv3 -mfloat-abi=hard -I../../tcp_test_bsp/ps7_cortexa9_0/include -MMD -MP -MF"src/platform_ppc.d" -MT"src/platform_ppc.o" -o "src/platform_ppc.o" "../src/platform_ppc.c"
'Finished building: ../src/platform_ppc.c'
' '
'Building file: ../src/platform_zynq.c'
'Invoking: ARM v7 gcc compiler'
arm-none-eabi-gcc -Wall -O0 -g3 -c -fmessage-length=0 -MT"src/platform_zynq.o" -mcpu=cortex-a9 -mfpu=vfpv3 -mfloat-abi=hard -I../../tcp_test_bsp/ps7_cortexa9_0/include -MMD -MP -MF"src/platform_zynq.d" -MT"src/platform_zynq.o" -o "src/platform_zynq.o" "../src/platform_zynq.c"
'Finished building: ../src/platform_zynq.c'
' '
'Building file: ../src/platform_zynqmp.c'
'Invoking: ARM v7 gcc compiler'
arm-none-eabi-gcc -Wall -O0 -g3 -c -fmessage-length=0 -MT"src/platform_zynqmp.o" -mcpu=cortex-a9 -mfpu=vfpv3 -mfloat-abi=hard -I../../tcp_test_bsp/ps7_cortexa9_0/include -MMD -MP -MF"src/platform_zynqmp.d" -MT"src/platform_zynqmp.o" -o "src/platform_zynqmp.o" "../src/platform_zynqmp.c"
'Finished building: ../src/platform_zynqmp.c'
' '
'Building file: ../src/sfp.c'
'Invoking: ARM v7 gcc compiler'
arm-none-eabi-gcc -Wall -O0 -g3 -c -fmessage-length=0 -MT"src/sfp.o" -mcpu=cortex-a9 -mfpu=vfpv3 -mfloat-abi=hard -I../../tcp_test_bsp/ps7_cortexa9_0/include -MMD -MP -MF"src/sfp.d" -MT"src/sfp.o" -o "src/sfp.o" "../src/sfp.c"
'Finished building: ../src/sfp.c'
' '
'Building file: ../src/si5324.c'
'Invoking: ARM v7 gcc compiler'
arm-none-eabi-gcc -Wall -O0 -g3 -c -fmessage-length=0 -MT"src/si5324.o" -mcpu=cortex-a9 -mfpu=vfpv3 -mfloat-abi=hard -I../../tcp_test_bsp/ps7_cortexa9_0/include -MMD -MP -MF"src/si5324.d" -MT"src/si5324.o" -o "src/si5324.o" "../src/si5324.c"
'Finished building: ../src/si5324.c'
' '
'Building target: tcp_test.elf'
'Invoking: ARM v7 gcc linker'
arm-none-eabi-gcc -mcpu=cortex-a9 -mfpu=vfpv3 -mfloat-abi=hard -Wl,-build-id=none -specs=Xilinx.spec -Wl,-T -Wl,../src/lscript.ld -L../../tcp_test_bsp/ps7_cortexa9_0/lib -o "tcp_test.elf"  ./src/Image_transfer.o ./src/echo.o ./src/i2c_access.o ./src/iic_phyreset.o ./src/main.o ./src/platform.o ./src/platform_mb.o ./src/platform_ppc.o ./src/platform_zynq.o ./src/platform_zynqmp.o ./src/sfp.o ./src/si5324.o   -Wl,--start-group,-lxil,-lgcc,-lc,--end-group -Wl,--start-group,-lxil,-llwip4,-lgcc,-lc,--end-group
'Finished building target: tcp_test.elf'
' '
'Invoking: ARM v7 Print Size'
arm-none-eabi-size tcp_test.elf  |tee "tcp_test.elf.size"
   text	   data	    bss	    dec	    hex	filename
 108324	   3860	19962144	20074328	1324f58	tcp_test.elf
'Finished building: tcp_test.elf.size'
' '
08:51:43 **** Incremental Build of configuration Debug for project tcp_test ****
make pre-build main-build 
a9-linaro-pre-build-step
' '
make: Nothing to be done for `main-build'.
08:55:45 **** Auto Build of configuration Debug for project tcp_test ****
make pre-build main-build 
a9-linaro-pre-build-step
' '
'Building file: ../src/Image_transfer.c'
'Invoking: ARM v7 gcc compiler'
arm-none-eabi-gcc -Wall -O0 -g3 -c -fmessage-length=0 -MT"src/Image_transfer.o" -mcpu=cortex-a9 -mfpu=vfpv3 -mfloat-abi=hard -I../../tcp_test_bsp/ps7_cortexa9_0/include -MMD -MP -MF"src/Image_transfer.d" -MT"src/Image_transfer.o" -o "src/Image_transfer.o" "../src/Image_transfer.c"
../src/Image_transfer.c: In function 'read_out_data':
../src/Image_transfer.c:61:6: warning: unused variable 'out_en' [-Wunused-variable]
  int out_en = 0;
      ^~~~~~
../src/Image_transfer.c: In function 'read_image_data':
../src/Image_transfer.c:116:27: warning: unused variable 'buf_index' [-Wunused-variable]
  int pixel_num = 0, i =0, buf_index = 0;
                           ^~~~~~~~~
../src/Image_transfer.c:116:21: warning: unused variable 'i' [-Wunused-variable]
  int pixel_num = 0, i =0, buf_index = 0;
                     ^
../src/Image_transfer.c: In function 'trans_image_data':
../src/Image_transfer.c:197:6: warning: unused variable 'i' [-Wunused-variable]
  int i;
      ^
'Finished building: ../src/Image_transfer.c'
' '
'Building target: tcp_test.elf'
'Invoking: ARM v7 gcc linker'
arm-none-eabi-gcc -mcpu=cortex-a9 -mfpu=vfpv3 -mfloat-abi=hard -Wl,-build-id=none -specs=Xilinx.spec -Wl,-T -Wl,../src/lscript.ld -L../../tcp_test_bsp/ps7_cortexa9_0/lib -o "tcp_test.elf"  ./src/Image_transfer.o ./src/echo.o ./src/i2c_access.o ./src/iic_phyreset.o ./src/main.o ./src/platform.o ./src/platform_mb.o ./src/platform_ppc.o ./src/platform_zynq.o ./src/platform_zynqmp.o ./src/sfp.o ./src/si5324.o   -Wl,--start-group,-lxil,-lgcc,-lc,--end-group -Wl,--start-group,-lxil,-llwip4,-lgcc,-lc,--end-group
'Finished building target: tcp_test.elf'
' '
'Invoking: ARM v7 Print Size'
arm-none-eabi-size tcp_test.elf  |tee "tcp_test.elf.size"
   text	   data	    bss	    dec	    hex	filename
 108324	   3860	19962144	20074328	1324f58	tcp_test.elf
'Finished building: tcp_test.elf.size'
' '
09:04:03 **** Incremental Build of configuration Debug for project tcp_test ****
make pre-build main-build 
a9-linaro-pre-build-step
' '
make: Nothing to be done for `main-build'.
09:37:24 **** Auto Build of configuration Debug for project tcp_test ****
make pre-build main-build 
a9-linaro-pre-build-step
' '
'Building file: ../src/Image_transfer.c'
'Invoking: ARM v7 gcc compiler'
arm-none-eabi-gcc -Wall -O0 -g3 -c -fmessage-length=0 -MT"src/Image_transfer.o" -mcpu=cortex-a9 -mfpu=vfpv3 -mfloat-abi=hard -I../../tcp_test_bsp/ps7_cortexa9_0/include -MMD -MP -MF"src/Image_transfer.d" -MT"src/Image_transfer.o" -o "src/Image_transfer.o" "../src/Image_transfer.c"
../src/Image_transfer.c: In function 'read_out_data':
../src/Image_transfer.c:61:6: warning: unused variable 'out_en' [-Wunused-variable]
  int out_en = 0;
      ^~~~~~
../src/Image_transfer.c: In function 'read_image_data':
../src/Image_transfer.c:116:27: warning: unused variable 'buf_index' [-Wunused-variable]
  int pixel_num = 0, i =0, buf_index = 0;
                           ^~~~~~~~~
../src/Image_transfer.c:116:21: warning: unused variable 'i' [-Wunused-variable]
  int pixel_num = 0, i =0, buf_index = 0;
                     ^
../src/Image_transfer.c: In function 'trans_image_data':
../src/Image_transfer.c:197:6: warning: unused variable 'i' [-Wunused-variable]
  int i;
      ^
'Finished building: ../src/Image_transfer.c'
' '
'Building target: tcp_test.elf'
'Invoking: ARM v7 gcc linker'
arm-none-eabi-gcc -mcpu=cortex-a9 -mfpu=vfpv3 -mfloat-abi=hard -Wl,-build-id=none -specs=Xilinx.spec -Wl,-T -Wl,../src/lscript.ld -L../../tcp_test_bsp/ps7_cortexa9_0/lib -o "tcp_test.elf"  ./src/Image_transfer.o ./src/echo.o ./src/i2c_access.o ./src/iic_phyreset.o ./src/main.o ./src/platform.o ./src/platform_mb.o ./src/platform_ppc.o ./src/platform_zynq.o ./src/platform_zynqmp.o ./src/sfp.o ./src/si5324.o   -Wl,--start-group,-lxil,-lgcc,-lc,--end-group -Wl,--start-group,-lxil,-llwip4,-lgcc,-lc,--end-group
'Finished building target: tcp_test.elf'
' '
'Invoking: ARM v7 Print Size'
arm-none-eabi-size tcp_test.elf  |tee "tcp_test.elf.size"
   text	   data	    bss	    dec	    hex	filename
 108324	   3860	19962144	20074328	1324f58	tcp_test.elf
'Finished building: tcp_test.elf.size'
' '
23:13:53 **** Incremental Build of configuration Debug for project tcp_test ****
make pre-build main-build 
a9-linaro-pre-build-step
' '
make: Nothing to be done for `main-build'.
23:14:22 **** Incremental Build of configuration Debug for project tcp_test ****
make pre-build main-build 
a9-linaro-pre-build-step
' '
make: Nothing to be done for `main-build'.
19:53:44 **** Incremental Build of configuration Debug for project tcp_test ****
make pre-build main-build 
a9-linaro-pre-build-step
' '
make: Nothing to be done for `main-build'.
20:16:55 **** Incremental Build of configuration Debug for project tcp_test ****
make pre-build main-build 
a9-linaro-pre-build-step
' '
make: Nothing to be done for `main-build'.
12:45:01 **** Incremental Build of configuration Debug for project tcp_test ****
make pre-build main-build 
a9-linaro-pre-build-step
' '
make: Nothing to be done for `main-build'.
12:57:10 **** Incremental Build of configuration Debug for project tcp_test ****
make pre-build main-build 
a9-linaro-pre-build-step
' '
make: Nothing to be done for `main-build'.
12:57:39 **** Incremental Build of configuration Debug for project tcp_test ****
make pre-build main-build 
a9-linaro-pre-build-step
' '
make: Nothing to be done for `main-build'.
13:10:15 **** Incremental Build of configuration Debug for project tcp_test ****
make pre-build main-build 
a9-linaro-pre-build-step
' '
make: Nothing to be done for `main-build'.
20:08:28 **** Incremental Build of configuration Debug for project tcp_test ****
make pre-build main-build 
a9-linaro-pre-build-step
' '
make: Nothing to be done for `main-build'.
20:09:14 **** Incremental Build of configuration Debug for project tcp_test ****
make pre-build main-build 
a9-linaro-pre-build-step
' '
make: Nothing to be done for `main-build'.
20:11:05 **** Incremental Build of configuration Debug for project tcp_test ****
make pre-build main-build 
a9-linaro-pre-build-step
' '
make: Nothing to be done for `main-build'.
20:14:52 **** Incremental Build of configuration Debug for project tcp_test ****
make pre-build main-build 
a9-linaro-pre-build-step
' '
make: Nothing to be done for `main-build'.
20:15:10 **** Incremental Build of configuration Debug for project tcp_test ****
make pre-build main-build 
a9-linaro-pre-build-step
' '
make: Nothing to be done for `main-build'.
20:19:53 **** Incremental Build of configuration Debug for project tcp_test ****
make pre-build main-build 
a9-linaro-pre-build-step
' '
make: Nothing to be done for `main-build'.
21:42:10 **** Incremental Build of configuration Debug for project tcp_test ****
make pre-build main-build 
a9-linaro-pre-build-step
' '
make: Nothing to be done for `main-build'.
21:42:40 **** Incremental Build of configuration Debug for project tcp_test ****
make pre-build main-build 
a9-linaro-pre-build-step
' '
make: Nothing to be done for `main-build'.
21:43:06 **** Incremental Build of configuration Debug for project tcp_test ****
make pre-build main-build 
a9-linaro-pre-build-step
' '
make: Nothing to be done for `main-build'.
21:46:19 **** Incremental Build of configuration Debug for project tcp_test ****
make pre-build main-build 
a9-linaro-pre-build-step
' '
make: Nothing to be done for `main-build'.
21:47:25 **** Incremental Build of configuration Debug for project tcp_test ****
make pre-build main-build 
a9-linaro-pre-build-step
' '
make: Nothing to be done for `main-build'.
21:49:46 **** Incremental Build of configuration Debug for project tcp_test ****
make pre-build main-build 
a9-linaro-pre-build-step
' '
make: Nothing to be done for `main-build'.
21:53:40 **** Incremental Build of configuration Debug for project tcp_test ****
make pre-build main-build 
a9-linaro-pre-build-step
' '
make: Nothing to be done for `main-build'.
21:56:20 **** Incremental Build of configuration Debug for project tcp_test ****
make pre-build main-build 
a9-linaro-pre-build-step
' '
make: Nothing to be done for `main-build'.
22:02:08 **** Incremental Build of configuration Debug for project tcp_test ****
make pre-build main-build 
a9-linaro-pre-build-step
' '
make: Nothing to be done for `main-build'.
22:04:56 **** Auto Build of configuration Debug for project tcp_test ****
make pre-build main-build 
a9-linaro-pre-build-step
' '
'Building file: ../src/Image_transfer.c'
'Invoking: ARM v7 gcc compiler'
arm-none-eabi-gcc -Wall -O0 -g3 -c -fmessage-length=0 -MT"src/Image_transfer.o" -mcpu=cortex-a9 -mfpu=vfpv3 -mfloat-abi=hard -I../../tcp_test_bsp/ps7_cortexa9_0/include -MMD -MP -MF"src/Image_transfer.d" -MT"src/Image_transfer.o" -o "src/Image_transfer.o" "../src/Image_transfer.c"
../src/Image_transfer.c: In function 'read_out_data':
../src/Image_transfer.c:61:6: warning: unused variable 'out_en' [-Wunused-variable]
  int out_en = 0;
      ^~~~~~
../src/Image_transfer.c: In function 'read_image_data':
../src/Image_transfer.c:116:27: warning: unused variable 'buf_index' [-Wunused-variable]
  int pixel_num = 0, i =0, buf_index = 0;
                           ^~~~~~~~~
../src/Image_transfer.c:116:21: warning: unused variable 'i' [-Wunused-variable]
  int pixel_num = 0, i =0, buf_index = 0;
                     ^
../src/Image_transfer.c: In function 'trans_image_data':
../src/Image_transfer.c:197:6: warning: unused variable 'i' [-Wunused-variable]
  int i;
      ^
'Finished building: ../src/Image_transfer.c'
' '
'Building target: tcp_test.elf'
'Invoking: ARM v7 gcc linker'
arm-none-eabi-gcc -mcpu=cortex-a9 -mfpu=vfpv3 -mfloat-abi=hard -Wl,-build-id=none -specs=Xilinx.spec -Wl,-T -Wl,../src/lscript.ld -L../../tcp_test_bsp/ps7_cortexa9_0/lib -o "tcp_test.elf"  ./src/Image_transfer.o ./src/echo.o ./src/i2c_access.o ./src/iic_phyreset.o ./src/main.o ./src/platform.o ./src/platform_mb.o ./src/platform_ppc.o ./src/platform_zynq.o ./src/platform_zynqmp.o ./src/sfp.o ./src/si5324.o   -Wl,--start-group,-lxil,-lgcc,-lc,--end-group -Wl,--start-group,-lxil,-llwip4,-lgcc,-lc,--end-group
'Finished building target: tcp_test.elf'
' '
'Invoking: ARM v7 Print Size'
arm-none-eabi-size tcp_test.elf  |tee "tcp_test.elf.size"
   text	   data	    bss	    dec	    hex	filename
 108324	   3860	19962144	20074328	1324f58	tcp_test.elf
'Finished building: tcp_test.elf.size'
' '
22:05:02 **** Incremental Build of configuration Debug for project tcp_test ****
make pre-build main-build 
a9-linaro-pre-build-step
' '
make: Nothing to be done for `main-build'.
22:06:30 **** Incremental Build of configuration Debug for project tcp_test ****
make pre-build main-build 
a9-linaro-pre-build-step
' '
make: Nothing to be done for `main-build'.
22:50:41 **** Incremental Build of configuration Debug for project tcp_test ****
make pre-build main-build 
a9-linaro-pre-build-step
' '
make: Nothing to be done for `main-build'.
22:51:28 **** Incremental Build of configuration Debug for project tcp_test ****
make pre-build main-build 
a9-linaro-pre-build-step
' '
make: Nothing to be done for `main-build'.
22:51:33 **** Incremental Build of configuration Debug for project tcp_test ****
make pre-build main-build 
a9-linaro-pre-build-step
' '
make: Nothing to be done for `main-build'.
22:51:53 **** Incremental Build of configuration Debug for project tcp_test ****
make pre-build main-build 
a9-linaro-pre-build-step
' '
make: Nothing to be done for `main-build'.
22:53:11 **** Incremental Build of configuration Debug for project tcp_test ****
make pre-build main-build 
a9-linaro-pre-build-step
' '
make: Nothing to be done for `main-build'.
22:56:57 **** Incremental Build of configuration Debug for project tcp_test ****
make pre-build main-build 
a9-linaro-pre-build-step
' '
make: Nothing to be done for `main-build'.
22:57:48 **** Incremental Build of configuration Debug for project tcp_test ****
make pre-build main-build 
a9-linaro-pre-build-step
' '
make: Nothing to be done for `main-build'.
23:23:54 **** Incremental Build of configuration Debug for project tcp_test ****
make pre-build main-build 
a9-linaro-pre-build-step
' '
make: Nothing to be done for `main-build'.
13:07:06 **** Incremental Build of configuration Debug for project tcp_test ****
make pre-build main-build 
a9-linaro-pre-build-step
' '
make: Nothing to be done for `main-build'.
13:27:12 **** Incremental Build of configuration Debug for project tcp_test ****
make pre-build main-build 
a9-linaro-pre-build-step
' '
make: Nothing to be done for `main-build'.
13:28:37 **** Incremental Build of configuration Debug for project tcp_test ****
make pre-build main-build 
a9-linaro-pre-build-step
' '
make: Nothing to be done for `main-build'.
13:30:23 **** Incremental Build of configuration Debug for project tcp_test ****
make pre-build main-build 
a9-linaro-pre-build-step
' '
make: Nothing to be done for `main-build'.
13:31:15 **** Incremental Build of configuration Debug for project tcp_test ****
make pre-build main-build 
a9-linaro-pre-build-step
' '
make: Nothing to be done for `main-build'.
14:05:12 **** Incremental Build of configuration Debug for project tcp_test ****
make pre-build main-build 
a9-linaro-pre-build-step
' '
make: Nothing to be done for `main-build'.
14:06:02 **** Incremental Build of configuration Debug for project tcp_test ****
make pre-build main-build 
a9-linaro-pre-build-step
' '
make: Nothing to be done for `main-build'.
14:08:37 **** Incremental Build of configuration Debug for project tcp_test ****
make pre-build main-build 
a9-linaro-pre-build-step
' '
make: Nothing to be done for `main-build'.
14:08:40 **** Incremental Build of configuration Debug for project tcp_test ****
make pre-build main-build 
a9-linaro-pre-build-step
' '
make: Nothing to be done for `main-build'.
14:11:00 **** Incremental Build of configuration Debug for project tcp_test ****
make pre-build main-build 
a9-linaro-pre-build-step
' '
make: Nothing to be done for `main-build'.
14:17:27 **** Incremental Build of configuration Debug for project tcp_test ****
make pre-build main-build 
a9-linaro-pre-build-step
' '
make: Nothing to be done for `main-build'.
14:18:36 **** Incremental Build of configuration Debug for project tcp_test ****
make pre-build main-build 
a9-linaro-pre-build-step
' '
make: Nothing to be done for `main-build'.
14:22:35 **** Incremental Build of configuration Debug for project tcp_test ****
make pre-build main-build 
a9-linaro-pre-build-step
' '
make: Nothing to be done for `main-build'.
14:23:18 **** Incremental Build of configuration Debug for project tcp_test ****
make pre-build main-build 
a9-linaro-pre-build-step
' '
make: Nothing to be done for `main-build'.
14:26:32 **** Incremental Build of configuration Debug for project tcp_test ****
make pre-build main-build 
a9-linaro-pre-build-step
' '
make: Nothing to be done for `main-build'.
14:28:29 **** Incremental Build of configuration Debug for project tcp_test ****
make pre-build main-build 
a9-linaro-pre-build-step
' '
make: Nothing to be done for `main-build'.
14:29:29 **** Incremental Build of configuration Debug for project tcp_test ****
make pre-build main-build 
a9-linaro-pre-build-step
' '
make: Nothing to be done for `main-build'.
14:30:28 **** Incremental Build of configuration Debug for project tcp_test ****
make pre-build main-build 
a9-linaro-pre-build-step
' '
make: Nothing to be done for `main-build'.
14:37:44 **** Incremental Build of configuration Debug for project tcp_test ****
make pre-build main-build 
a9-linaro-pre-build-step
' '
make: Nothing to be done for `main-build'.
15:12:57 **** Incremental Build of configuration Debug for project tcp_test ****
make pre-build main-build 
a9-linaro-pre-build-step
' '
make: Nothing to be done for `main-build'.
15:15:29 **** Incremental Build of configuration Debug for project tcp_test ****
make pre-build main-build 
a9-linaro-pre-build-step
' '
make: Nothing to be done for `main-build'.
15:17:37 **** Incremental Build of configuration Debug for project tcp_test ****
make pre-build main-build 
a9-linaro-pre-build-step
' '
make: Nothing to be done for `main-build'.
15:18:14 **** Incremental Build of configuration Debug for project tcp_test ****
make pre-build main-build 
a9-linaro-pre-build-step
' '
make: Nothing to be done for `main-build'.
19:40:56 **** Incremental Build of configuration Debug for project tcp_test ****
make pre-build main-build 
a9-linaro-pre-build-step
' '
make: Nothing to be done for `main-build'.
19:45:49 **** Incremental Build of configuration Debug for project tcp_test ****
make pre-build main-build 
a9-linaro-pre-build-step
' '
make: Nothing to be done for `main-build'.
19:48:31 **** Incremental Build of configuration Debug for project tcp_test ****
make pre-build main-build 
a9-linaro-pre-build-step
' '
make: Nothing to be done for `main-build'.
20:34:21 **** Incremental Build of configuration Debug for project tcp_test ****
make pre-build main-build 
a9-linaro-pre-build-step
' '
make: Nothing to be done for `main-build'.
20:36:53 **** Incremental Build of configuration Debug for project tcp_test ****
make pre-build main-build 
a9-linaro-pre-build-step
' '
make: Nothing to be done for `main-build'.
21:15:59 **** Incremental Build of configuration Debug for project tcp_test ****
make pre-build main-build 
a9-linaro-pre-build-step
' '
make: Nothing to be done for `main-build'.
21:59:33 **** Incremental Build of configuration Debug for project tcp_test ****
make pre-build main-build 
a9-linaro-pre-build-step
' '
make: Nothing to be done for `main-build'.
22:00:44 **** Incremental Build of configuration Debug for project tcp_test ****
make pre-build main-build 
a9-linaro-pre-build-step
' '
make: Nothing to be done for `main-build'.
22:02:04 **** Incremental Build of configuration Debug for project tcp_test ****
make pre-build main-build 
a9-linaro-pre-build-step
' '
make: Nothing to be done for `main-build'.
22:12:45 **** Incremental Build of configuration Debug for project tcp_test ****
make pre-build main-build 
a9-linaro-pre-build-step
' '
make: Nothing to be done for `main-build'.
22:21:21 **** Incremental Build of configuration Debug for project tcp_test ****
make pre-build main-build 
a9-linaro-pre-build-step
' '
make: Nothing to be done for `main-build'.
22:23:03 **** Incremental Build of configuration Debug for project tcp_test ****
make pre-build main-build 
a9-linaro-pre-build-step
' '
make: Nothing to be done for `main-build'.
22:24:20 **** Incremental Build of configuration Debug for project tcp_test ****
make pre-build main-build 
a9-linaro-pre-build-step
' '
make: Nothing to be done for `main-build'.
22:25:31 **** Incremental Build of configuration Debug for project tcp_test ****
make pre-build main-build 
a9-linaro-pre-build-step
' '
make: Nothing to be done for `main-build'.
23:00:15 **** Incremental Build of configuration Debug for project tcp_test ****
make pre-build main-build 
a9-linaro-pre-build-step
' '
make: Nothing to be done for `main-build'.
18:30:31 **** Incremental Build of configuration Debug for project tcp_test ****
make pre-build main-build 
a9-linaro-pre-build-step
' '
make: Nothing to be done for `main-build'.
18:33:10 **** Incremental Build of configuration Debug for project tcp_test ****
make pre-build main-build 
a9-linaro-pre-build-step
' '
make: Nothing to be done for `main-build'.
22:37:09 **** Auto Build of configuration Debug for project tcp_test ****
make pre-build main-build 
a9-linaro-pre-build-step
' '
'Building file: ../src/Image_transfer.c'
'Invoking: ARM v7 gcc compiler'
arm-none-eabi-gcc -Wall -O0 -g3 -c -fmessage-length=0 -MT"src/Image_transfer.o" -mcpu=cortex-a9 -mfpu=vfpv3 -mfloat-abi=hard -I../../tcp_test_bsp/ps7_cortexa9_0/include -MMD -MP -MF"src/Image_transfer.d" -MT"src/Image_transfer.o" -o "src/Image_transfer.o" "../src/Image_transfer.c"
../src/Image_transfer.c: In function 'read_out_data':
../src/Image_transfer.c:61:6: warning: unused variable 'out_en' [-Wunused-variable]
  int out_en = 0;
      ^~~~~~
../src/Image_transfer.c: In function 'read_image_data':
../src/Image_transfer.c:116:27: warning: unused variable 'buf_index' [-Wunused-variable]
  int pixel_num = 0, i =0, buf_index = 0;
                           ^~~~~~~~~
../src/Image_transfer.c:116:21: warning: unused variable 'i' [-Wunused-variable]
  int pixel_num = 0, i =0, buf_index = 0;
                     ^
../src/Image_transfer.c: In function 'trans_image_data':
../src/Image_transfer.c:197:6: warning: unused variable 'i' [-Wunused-variable]
  int i;
      ^
'Finished building: ../src/Image_transfer.c'
' '
'Building target: tcp_test.elf'
'Invoking: ARM v7 gcc linker'
arm-none-eabi-gcc -mcpu=cortex-a9 -mfpu=vfpv3 -mfloat-abi=hard -Wl,-build-id=none -specs=Xilinx.spec -Wl,-T -Wl,../src/lscript.ld -L../../tcp_test_bsp/ps7_cortexa9_0/lib -o "tcp_test.elf"  ./src/Image_transfer.o ./src/echo.o ./src/i2c_access.o ./src/iic_phyreset.o ./src/main.o ./src/platform.o ./src/platform_mb.o ./src/platform_ppc.o ./src/platform_zynq.o ./src/platform_zynqmp.o ./src/sfp.o ./src/si5324.o   -Wl,--start-group,-lxil,-lgcc,-lc,--end-group -Wl,--start-group,-lxil,-llwip4,-lgcc,-lc,--end-group
'Finished building target: tcp_test.elf'
' '
'Invoking: ARM v7 Print Size'
arm-none-eabi-size tcp_test.elf  |tee "tcp_test.elf.size"
   text	   data	    bss	    dec	    hex	filename
 107748	   3860	19962144	20073752	1324d18	tcp_test.elf
'Finished building: tcp_test.elf.size'
' '
22:37:12 **** Incremental Build of configuration Debug for project tcp_test ****
make pre-build main-build 
a9-linaro-pre-build-step
' '
make: Nothing to be done for `main-build'.
22:53:39 **** Auto Build of configuration Debug for project tcp_test ****
make pre-build main-build 
a9-linaro-pre-build-step
' '
'Building file: ../src/Image_transfer.c'
'Invoking: ARM v7 gcc compiler'
arm-none-eabi-gcc -Wall -O0 -g3 -c -fmessage-length=0 -MT"src/Image_transfer.o" -mcpu=cortex-a9 -mfpu=vfpv3 -mfloat-abi=hard -I../../tcp_test_bsp/ps7_cortexa9_0/include -MMD -MP -MF"src/Image_transfer.d" -MT"src/Image_transfer.o" -o "src/Image_transfer.o" "../src/Image_transfer.c"
../src/Image_transfer.c: In function 'read_out_data':
../src/Image_transfer.c:61:6: warning: unused variable 'out_en' [-Wunused-variable]
  int out_en = 0;
      ^~~~~~
../src/Image_transfer.c: In function 'read_image_data':
../src/Image_transfer.c:116:27: warning: unused variable 'buf_index' [-Wunused-variable]
  int pixel_num = 0, i =0, buf_index = 0;
                           ^~~~~~~~~
../src/Image_transfer.c:116:21: warning: unused variable 'i' [-Wunused-variable]
  int pixel_num = 0, i =0, buf_index = 0;
                     ^
../src/Image_transfer.c: In function 'trans_image_data':
../src/Image_transfer.c:197:6: warning: unused variable 'i' [-Wunused-variable]
  int i;
      ^
'Finished building: ../src/Image_transfer.c'
' '
'Building target: tcp_test.elf'
'Invoking: ARM v7 gcc linker'
arm-none-eabi-gcc -mcpu=cortex-a9 -mfpu=vfpv3 -mfloat-abi=hard -Wl,-build-id=none -specs=Xilinx.spec -Wl,-T -Wl,../src/lscript.ld -L../../tcp_test_bsp/ps7_cortexa9_0/lib -o "tcp_test.elf"  ./src/Image_transfer.o ./src/echo.o ./src/i2c_access.o ./src/iic_phyreset.o ./src/main.o ./src/platform.o ./src/platform_mb.o ./src/platform_ppc.o ./src/platform_zynq.o ./src/platform_zynqmp.o ./src/sfp.o ./src/si5324.o   -Wl,--start-group,-lxil,-lgcc,-lc,--end-group -Wl,--start-group,-lxil,-llwip4,-lgcc,-lc,--end-group
'Finished building target: tcp_test.elf'
' '
'Invoking: ARM v7 Print Size'
arm-none-eabi-size tcp_test.elf  |tee "tcp_test.elf.size"
   text	   data	    bss	    dec	    hex	filename
 107748	   3860	19962144	20073752	1324d18	tcp_test.elf
'Finished building: tcp_test.elf.size'
' '
22:53:42 **** Incremental Build of configuration Debug for project tcp_test ****
make pre-build main-build 
a9-linaro-pre-build-step
' '
make: Nothing to be done for `main-build'.
22:54:36 **** Incremental Build of configuration Debug for project tcp_test ****
make pre-build main-build 
a9-linaro-pre-build-step
' '
make: Nothing to be done for `main-build'.
22:53:52 **** Incremental Build of configuration Debug for project tcp_test ****
make pre-build main-build 
a9-linaro-pre-build-step
' '
make: Nothing to be done for `main-build'.
22:54:34 **** Auto Build of configuration Debug for project tcp_test ****
make pre-build main-build 
a9-linaro-pre-build-step
' '
'Building file: ../src/Image_transfer.c'
'Invoking: ARM v7 gcc compiler'
arm-none-eabi-gcc -Wall -O0 -g3 -c -fmessage-length=0 -MT"src/Image_transfer.o" -mcpu=cortex-a9 -mfpu=vfpv3 -mfloat-abi=hard -I../../tcp_test_bsp/ps7_cortexa9_0/include -MMD -MP -MF"src/Image_transfer.d" -MT"src/Image_transfer.o" -o "src/Image_transfer.o" "../src/Image_transfer.c"
../src/Image_transfer.c: In function 'read_out_data':
../src/Image_transfer.c:61:6: warning: unused variable 'out_en' [-Wunused-variable]
  int out_en = 0;
      ^~~~~~
../src/Image_transfer.c: In function 'read_image_data':
../src/Image_transfer.c:116:27: warning: unused variable 'buf_index' [-Wunused-variable]
  int pixel_num = 0, i =0, buf_index = 0;
                           ^~~~~~~~~
../src/Image_transfer.c:116:21: warning: unused variable 'i' [-Wunused-variable]
  int pixel_num = 0, i =0, buf_index = 0;
                     ^
../src/Image_transfer.c: In function 'trans_image_data':
../src/Image_transfer.c:197:6: warning: unused variable 'i' [-Wunused-variable]
  int i;
      ^
'Finished building: ../src/Image_transfer.c'
' '
'Building target: tcp_test.elf'
'Invoking: ARM v7 gcc linker'
arm-none-eabi-gcc -mcpu=cortex-a9 -mfpu=vfpv3 -mfloat-abi=hard -Wl,-build-id=none -specs=Xilinx.spec -Wl,-T -Wl,../src/lscript.ld -L../../tcp_test_bsp/ps7_cortexa9_0/lib -o "tcp_test.elf"  ./src/Image_transfer.o ./src/echo.o ./src/i2c_access.o ./src/iic_phyreset.o ./src/main.o ./src/platform.o ./src/platform_mb.o ./src/platform_ppc.o ./src/platform_zynq.o ./src/platform_zynqmp.o ./src/sfp.o ./src/si5324.o   -Wl,--start-group,-lxil,-lgcc,-lc,--end-group -Wl,--start-group,-lxil,-llwip4,-lgcc,-lc,--end-group
'Finished building target: tcp_test.elf'
' '
'Invoking: ARM v7 Print Size'
arm-none-eabi-size tcp_test.elf  |tee "tcp_test.elf.size"
   text	   data	    bss	    dec	    hex	filename
 107748	   3860	19962144	20073752	1324d18	tcp_test.elf
'Finished building: tcp_test.elf.size'
' '
22:54:36 **** Incremental Build of configuration Debug for project tcp_test ****
make pre-build main-build 
a9-linaro-pre-build-step
' '
make: Nothing to be done for `main-build'.
22:55:31 **** Auto Build of configuration Debug for project tcp_test ****
make pre-build main-build 
a9-linaro-pre-build-step
' '
'Building file: ../src/Image_transfer.c'
'Invoking: ARM v7 gcc compiler'
arm-none-eabi-gcc -Wall -O0 -g3 -c -fmessage-length=0 -MT"src/Image_transfer.o" -mcpu=cortex-a9 -mfpu=vfpv3 -mfloat-abi=hard -I../../tcp_test_bsp/ps7_cortexa9_0/include -MMD -MP -MF"src/Image_transfer.d" -MT"src/Image_transfer.o" -o "src/Image_transfer.o" "../src/Image_transfer.c"
../src/Image_transfer.c: In function 'read_out_data':
../src/Image_transfer.c:61:6: warning: unused variable 'out_en' [-Wunused-variable]
  int out_en = 0;
      ^~~~~~
../src/Image_transfer.c: In function 'read_image_data':
../src/Image_transfer.c:116:27: warning: unused variable 'buf_index' [-Wunused-variable]
  int pixel_num = 0, i =0, buf_index = 0;
                           ^~~~~~~~~
../src/Image_transfer.c:116:21: warning: unused variable 'i' [-Wunused-variable]
  int pixel_num = 0, i =0, buf_index = 0;
                     ^
../src/Image_transfer.c: In function 'trans_image_data':
../src/Image_transfer.c:197:6: warning: unused variable 'i' [-Wunused-variable]
  int i;
      ^
'Finished building: ../src/Image_transfer.c'
' '
'Building target: tcp_test.elf'
'Invoking: ARM v7 gcc linker'
arm-none-eabi-gcc -mcpu=cortex-a9 -mfpu=vfpv3 -mfloat-abi=hard -Wl,-build-id=none -specs=Xilinx.spec -Wl,-T -Wl,../src/lscript.ld -L../../tcp_test_bsp/ps7_cortexa9_0/lib -o "tcp_test.elf"  ./src/Image_transfer.o ./src/echo.o ./src/i2c_access.o ./src/iic_phyreset.o ./src/main.o ./src/platform.o ./src/platform_mb.o ./src/platform_ppc.o ./src/platform_zynq.o ./src/platform_zynqmp.o ./src/sfp.o ./src/si5324.o   -Wl,--start-group,-lxil,-lgcc,-lc,--end-group -Wl,--start-group,-lxil,-llwip4,-lgcc,-lc,--end-group
'Finished building target: tcp_test.elf'
' '
'Invoking: ARM v7 Print Size'
arm-none-eabi-size tcp_test.elf  |tee "tcp_test.elf.size"
   text	   data	    bss	    dec	    hex	filename
 107748	   3860	19962144	20073752	1324d18	tcp_test.elf
'Finished building: tcp_test.elf.size'
' '
22:55:34 **** Incremental Build of configuration Debug for project tcp_test ****
make pre-build main-build 
a9-linaro-pre-build-step
' '
make: Nothing to be done for `main-build'.
22:56:24 **** Auto Build of configuration Debug for project tcp_test ****
make pre-build main-build 
a9-linaro-pre-build-step
' '
'Building file: ../src/Image_transfer.c'
'Invoking: ARM v7 gcc compiler'
arm-none-eabi-gcc -Wall -O0 -g3 -c -fmessage-length=0 -MT"src/Image_transfer.o" -mcpu=cortex-a9 -mfpu=vfpv3 -mfloat-abi=hard -I../../tcp_test_bsp/ps7_cortexa9_0/include -MMD -MP -MF"src/Image_transfer.d" -MT"src/Image_transfer.o" -o "src/Image_transfer.o" "../src/Image_transfer.c"
../src/Image_transfer.c: In function 'read_out_data':
../src/Image_transfer.c:61:6: warning: unused variable 'out_en' [-Wunused-variable]
  int out_en = 0;
      ^~~~~~
../src/Image_transfer.c: In function 'read_image_data':
../src/Image_transfer.c:116:27: warning: unused variable 'buf_index' [-Wunused-variable]
  int pixel_num = 0, i =0, buf_index = 0;
                           ^~~~~~~~~
../src/Image_transfer.c:116:21: warning: unused variable 'i' [-Wunused-variable]
  int pixel_num = 0, i =0, buf_index = 0;
                     ^
../src/Image_transfer.c: In function 'trans_image_data':
../src/Image_transfer.c:197:6: warning: unused variable 'i' [-Wunused-variable]
  int i;
      ^
'Finished building: ../src/Image_transfer.c'
' '
'Building target: tcp_test.elf'
'Invoking: ARM v7 gcc linker'
arm-none-eabi-gcc -mcpu=cortex-a9 -mfpu=vfpv3 -mfloat-abi=hard -Wl,-build-id=none -specs=Xilinx.spec -Wl,-T -Wl,../src/lscript.ld -L../../tcp_test_bsp/ps7_cortexa9_0/lib -o "tcp_test.elf"  ./src/Image_transfer.o ./src/echo.o ./src/i2c_access.o ./src/iic_phyreset.o ./src/main.o ./src/platform.o ./src/platform_mb.o ./src/platform_ppc.o ./src/platform_zynq.o ./src/platform_zynqmp.o ./src/sfp.o ./src/si5324.o   -Wl,--start-group,-lxil,-lgcc,-lc,--end-group -Wl,--start-group,-lxil,-llwip4,-lgcc,-lc,--end-group
'Finished building target: tcp_test.elf'
' '
'Invoking: ARM v7 Print Size'
arm-none-eabi-size tcp_test.elf  |tee "tcp_test.elf.size"
   text	   data	    bss	    dec	    hex	filename
 107748	   3860	19962144	20073752	1324d18	tcp_test.elf
'Finished building: tcp_test.elf.size'
' '
22:57:47 **** Auto Build of configuration Debug for project tcp_test ****
make pre-build main-build 
a9-linaro-pre-build-step
' '
'Building file: ../src/Image_transfer.c'
'Invoking: ARM v7 gcc compiler'
arm-none-eabi-gcc -Wall -O0 -g3 -c -fmessage-length=0 -MT"src/Image_transfer.o" -mcpu=cortex-a9 -mfpu=vfpv3 -mfloat-abi=hard -I../../tcp_test_bsp/ps7_cortexa9_0/include -MMD -MP -MF"src/Image_transfer.d" -MT"src/Image_transfer.o" -o "src/Image_transfer.o" "../src/Image_transfer.c"
../src/Image_transfer.c: In function 'read_out_data':
../src/Image_transfer.c:61:6: warning: unused variable 'out_en' [-Wunused-variable]
  int out_en = 0;
      ^~~~~~
../src/Image_transfer.c: In function 'read_image_data':
../src/Image_transfer.c:116:27: warning: unused variable 'buf_index' [-Wunused-variable]
  int pixel_num = 0, i =0, buf_index = 0;
                           ^~~~~~~~~
../src/Image_transfer.c:116:21: warning: unused variable 'i' [-Wunused-variable]
  int pixel_num = 0, i =0, buf_index = 0;
                     ^
../src/Image_transfer.c: In function 'trans_image_data':
../src/Image_transfer.c:197:6: warning: unused variable 'i' [-Wunused-variable]
  int i;
      ^
'Finished building: ../src/Image_transfer.c'
' '
'Building target: tcp_test.elf'
'Invoking: ARM v7 gcc linker'
arm-none-eabi-gcc -mcpu=cortex-a9 -mfpu=vfpv3 -mfloat-abi=hard -Wl,-build-id=none -specs=Xilinx.spec -Wl,-T -Wl,../src/lscript.ld -L../../tcp_test_bsp/ps7_cortexa9_0/lib -o "tcp_test.elf"  ./src/Image_transfer.o ./src/echo.o ./src/i2c_access.o ./src/iic_phyreset.o ./src/main.o ./src/platform.o ./src/platform_mb.o ./src/platform_ppc.o ./src/platform_zynq.o ./src/platform_zynqmp.o ./src/sfp.o ./src/si5324.o   -Wl,--start-group,-lxil,-lgcc,-lc,--end-group -Wl,--start-group,-lxil,-llwip4,-lgcc,-lc,--end-group
'Finished building target: tcp_test.elf'
' '
'Invoking: ARM v7 Print Size'
arm-none-eabi-size tcp_test.elf  |tee "tcp_test.elf.size"
   text	   data	    bss	    dec	    hex	filename
 107748	   3860	19962144	20073752	1324d18	tcp_test.elf
'Finished building: tcp_test.elf.size'
' '
22:57:51 **** Incremental Build of configuration Debug for project tcp_test ****
make pre-build main-build 
a9-linaro-pre-build-step
' '
make: Nothing to be done for `main-build'.
14:41:08 **** Incremental Build of configuration Debug for project tcp_test ****
make pre-build main-build 
a9-linaro-pre-build-step
' '
make: Nothing to be done for `main-build'.
14:54:03 **** Auto Build of configuration Debug for project tcp_test ****
make pre-build main-build 
a9-linaro-pre-build-step
' '
'Building file: ../src/Image_transfer.c'
'Invoking: ARM v7 gcc compiler'
arm-none-eabi-gcc -Wall -O0 -g3 -c -fmessage-length=0 -MT"src/Image_transfer.o" -mcpu=cortex-a9 -mfpu=vfpv3 -mfloat-abi=hard -I../../tcp_test_bsp/ps7_cortexa9_0/include -MMD -MP -MF"src/Image_transfer.d" -MT"src/Image_transfer.o" -o "src/Image_transfer.o" "../src/Image_transfer.c"
../src/Image_transfer.c: In function 'read_out_data':
../src/Image_transfer.c:61:6: warning: unused variable 'out_en' [-Wunused-variable]
  int out_en = 0;
      ^~~~~~
../src/Image_transfer.c: In function 'read_image_data':
../src/Image_transfer.c:116:27: warning: unused variable 'buf_index' [-Wunused-variable]
  int pixel_num = 0, i =0, buf_index = 0;
                           ^~~~~~~~~
../src/Image_transfer.c:116:21: warning: unused variable 'i' [-Wunused-variable]
  int pixel_num = 0, i =0, buf_index = 0;
                     ^
../src/Image_transfer.c: In function 'trans_image_data':
../src/Image_transfer.c:197:6: warning: unused variable 'i' [-Wunused-variable]
  int i;
      ^
'Finished building: ../src/Image_transfer.c'
' '
'Building target: tcp_test.elf'
'Invoking: ARM v7 gcc linker'
arm-none-eabi-gcc -mcpu=cortex-a9 -mfpu=vfpv3 -mfloat-abi=hard -Wl,-build-id=none -specs=Xilinx.spec -Wl,-T -Wl,../src/lscript.ld -L../../tcp_test_bsp/ps7_cortexa9_0/lib -o "tcp_test.elf"  ./src/Image_transfer.o ./src/echo.o ./src/i2c_access.o ./src/iic_phyreset.o ./src/main.o ./src/platform.o ./src/platform_mb.o ./src/platform_ppc.o ./src/platform_zynq.o ./src/platform_zynqmp.o ./src/sfp.o ./src/si5324.o   -Wl,--start-group,-lxil,-lgcc,-lc,--end-group -Wl,--start-group,-lxil,-llwip4,-lgcc,-lc,--end-group
'Finished building target: tcp_test.elf'
' '
'Invoking: ARM v7 Print Size'
arm-none-eabi-size tcp_test.elf  |tee "tcp_test.elf.size"
   text	   data	    bss	    dec	    hex	filename
 107748	   3860	19962144	20073752	1324d18	tcp_test.elf
'Finished building: tcp_test.elf.size'
' '
14:55:56 **** Incremental Build of configuration Debug for project tcp_test ****
make pre-build main-build 
a9-linaro-pre-build-step
' '
'Building file: ../src/Image_transfer.c'
'Invoking: ARM v7 gcc compiler'
arm-none-eabi-gcc -Wall -O0 -g3 -c -fmessage-length=0 -MT"src/Image_transfer.o" -mcpu=cortex-a9 -mfpu=vfpv3 -mfloat-abi=hard -I../../tcp_test_bsp/ps7_cortexa9_0/include -MMD -MP -MF"src/Image_transfer.d" -MT"src/Image_transfer.o" -o "src/Image_transfer.o" "../src/Image_transfer.c"
../src/Image_transfer.c: In function 'read_out_data':
../src/Image_transfer.c:61:6: warning: unused variable 'out_en' [-Wunused-variable]
  int out_en = 0;
      ^~~~~~
../src/Image_transfer.c: In function 'read_image_data':
../src/Image_transfer.c:116:27: warning: unused variable 'buf_index' [-Wunused-variable]
  int pixel_num = 0, i =0, buf_index = 0;
                           ^~~~~~~~~
../src/Image_transfer.c:116:21: warning: unused variable 'i' [-Wunused-variable]
  int pixel_num = 0, i =0, buf_index = 0;
                     ^
../src/Image_transfer.c: In function 'trans_image_data':
../src/Image_transfer.c:197:6: warning: unused variable 'i' [-Wunused-variable]
  int i;
      ^
'Finished building: ../src/Image_transfer.c'
' '
'Building target: tcp_test.elf'
'Invoking: ARM v7 gcc linker'
arm-none-eabi-gcc -mcpu=cortex-a9 -mfpu=vfpv3 -mfloat-abi=hard -Wl,-build-id=none -specs=Xilinx.spec -Wl,-T -Wl,../src/lscript.ld -L../../tcp_test_bsp/ps7_cortexa9_0/lib -o "tcp_test.elf"  ./src/Image_transfer.o ./src/echo.o ./src/i2c_access.o ./src/iic_phyreset.o ./src/main.o ./src/platform.o ./src/platform_mb.o ./src/platform_ppc.o ./src/platform_zynq.o ./src/platform_zynqmp.o ./src/sfp.o ./src/si5324.o   -Wl,--start-group,-lxil,-lgcc,-lc,--end-group -Wl,--start-group,-lxil,-llwip4,-lgcc,-lc,--end-group
'Finished building target: tcp_test.elf'
' '
'Invoking: ARM v7 Print Size'
arm-none-eabi-size tcp_test.elf  |tee "tcp_test.elf.size"
   text	   data	    bss	    dec	    hex	filename
 107748	   3860	19962144	20073752	1324d18	tcp_test.elf
'Finished building: tcp_test.elf.size'
' '
16:26:18 **** Auto Build of configuration Debug for project tcp_test ****
make pre-build main-build 
a9-linaro-pre-build-step
' '
'Building file: ../src/Image_transfer.c'
'Invoking: ARM v7 gcc compiler'
arm-none-eabi-gcc -Wall -O0 -g3 -c -fmessage-length=0 -MT"src/Image_transfer.o" -mcpu=cortex-a9 -mfpu=vfpv3 -mfloat-abi=hard -I../../tcp_test_bsp/ps7_cortexa9_0/include -MMD -MP -MF"src/Image_transfer.d" -MT"src/Image_transfer.o" -o "src/Image_transfer.o" "../src/Image_transfer.c"
../src/Image_transfer.c: In function 'read_out_data':
../src/Image_transfer.c:61:6: warning: unused variable 'out_en' [-Wunused-variable]
  int out_en = 0;
      ^~~~~~
../src/Image_transfer.c: In function 'read_image_data':
../src/Image_transfer.c:116:27: warning: unused variable 'buf_index' [-Wunused-variable]
  int pixel_num = 0, i =0, buf_index = 0;
                           ^~~~~~~~~
../src/Image_transfer.c:116:21: warning: unused variable 'i' [-Wunused-variable]
  int pixel_num = 0, i =0, buf_index = 0;
                     ^
../src/Image_transfer.c: In function 'trans_image_data':
../src/Image_transfer.c:197:6: warning: unused variable 'i' [-Wunused-variable]
  int i;
      ^
'Finished building: ../src/Image_transfer.c'
' '
'Building target: tcp_test.elf'
'Invoking: ARM v7 gcc linker'
arm-none-eabi-gcc -mcpu=cortex-a9 -mfpu=vfpv3 -mfloat-abi=hard -Wl,-build-id=none -specs=Xilinx.spec -Wl,-T -Wl,../src/lscript.ld -L../../tcp_test_bsp/ps7_cortexa9_0/lib -o "tcp_test.elf"  ./src/Image_transfer.o ./src/echo.o ./src/i2c_access.o ./src/iic_phyreset.o ./src/main.o ./src/platform.o ./src/platform_mb.o ./src/platform_ppc.o ./src/platform_zynq.o ./src/platform_zynqmp.o ./src/sfp.o ./src/si5324.o   -Wl,--start-group,-lxil,-lgcc,-lc,--end-group -Wl,--start-group,-lxil,-llwip4,-lgcc,-lc,--end-group
'Finished building target: tcp_test.elf'
' '
'Invoking: ARM v7 Print Size'
arm-none-eabi-size tcp_test.elf  |tee "tcp_test.elf.size"
   text	   data	    bss	    dec	    hex	filename
 107748	   3860	19962144	20073752	1324d18	tcp_test.elf
'Finished building: tcp_test.elf.size'
' '
16:26:21 **** Incremental Build of configuration Debug for project tcp_test ****
make pre-build main-build 
a9-linaro-pre-build-step
' '
make: Nothing to be done for `main-build'.
16:28:51 **** Incremental Build of configuration Debug for project tcp_test ****
make pre-build main-build 
a9-linaro-pre-build-step
' '
make: Nothing to be done for `main-build'.
16:30:08 **** Incremental Build of configuration Debug for project tcp_test ****
make pre-build main-build 
a9-linaro-pre-build-step
' '
make: Nothing to be done for `main-build'.
16:39:39 **** Incremental Build of configuration Debug for project tcp_test ****
make pre-build main-build 
a9-linaro-pre-build-step
' '
make: Nothing to be done for `main-build'.
16:41:29 **** Incremental Build of configuration Debug for project tcp_test ****
make pre-build main-build 
a9-linaro-pre-build-step
' '
make: Nothing to be done for `main-build'.
16:47:54 **** Incremental Build of configuration Debug for project tcp_test ****
make pre-build main-build 
a9-linaro-pre-build-step
' '
make: Nothing to be done for `main-build'.
22:14:46 **** Incremental Build of configuration Debug for project tcp_test ****
make pre-build main-build 
a9-linaro-pre-build-step
' '
make: Nothing to be done for `main-build'.
22:46:22 **** Incremental Build of configuration Debug for project tcp_test ****
make pre-build main-build 
a9-linaro-pre-build-step
' '
make: Nothing to be done for `main-build'.
22:48:31 **** Auto Build of configuration Debug for project tcp_test ****
make pre-build main-build 
a9-linaro-pre-build-step
' '
'Building file: ../src/Image_transfer.c'
'Invoking: ARM v7 gcc compiler'
arm-none-eabi-gcc -Wall -O0 -g3 -c -fmessage-length=0 -MT"src/Image_transfer.o" -mcpu=cortex-a9 -mfpu=vfpv3 -mfloat-abi=hard -I../../tcp_test_bsp/ps7_cortexa9_0/include -MMD -MP -MF"src/Image_transfer.d" -MT"src/Image_transfer.o" -o "src/Image_transfer.o" "../src/Image_transfer.c"
../src/Image_transfer.c: In function 'read_out_data':
../src/Image_transfer.c:61:6: warning: unused variable 'out_en' [-Wunused-variable]
  int out_en = 0;
      ^~~~~~
../src/Image_transfer.c: In function 'read_image_data':
../src/Image_transfer.c:116:27: warning: unused variable 'buf_index' [-Wunused-variable]
  int pixel_num = 0, i =0, buf_index = 0;
                           ^~~~~~~~~
../src/Image_transfer.c:116:21: warning: unused variable 'i' [-Wunused-variable]
  int pixel_num = 0, i =0, buf_index = 0;
                     ^
../src/Image_transfer.c: In function 'trans_image_data':
../src/Image_transfer.c:197:6: warning: unused variable 'i' [-Wunused-variable]
  int i;
      ^
'Finished building: ../src/Image_transfer.c'
' '
'Building target: tcp_test.elf'
'Invoking: ARM v7 gcc linker'
arm-none-eabi-gcc -mcpu=cortex-a9 -mfpu=vfpv3 -mfloat-abi=hard -Wl,-build-id=none -specs=Xilinx.spec -Wl,-T -Wl,../src/lscript.ld -L../../tcp_test_bsp/ps7_cortexa9_0/lib -o "tcp_test.elf"  ./src/Image_transfer.o ./src/echo.o ./src/i2c_access.o ./src/iic_phyreset.o ./src/main.o ./src/platform.o ./src/platform_mb.o ./src/platform_ppc.o ./src/platform_zynq.o ./src/platform_zynqmp.o ./src/sfp.o ./src/si5324.o   -Wl,--start-group,-lxil,-lgcc,-lc,--end-group -Wl,--start-group,-lxil,-llwip4,-lgcc,-lc,--end-group
'Finished building target: tcp_test.elf'
' '
'Invoking: ARM v7 Print Size'
arm-none-eabi-size tcp_test.elf  |tee "tcp_test.elf.size"
   text	   data	    bss	    dec	    hex	filename
 107748	   3860	19962144	20073752	1324d18	tcp_test.elf
'Finished building: tcp_test.elf.size'
' '
22:48:35 **** Incremental Build of configuration Debug for project tcp_test ****
make pre-build main-build 
a9-linaro-pre-build-step
' '
make: Nothing to be done for `main-build'.
22:48:52 **** Auto Build of configuration Debug for project tcp_test ****
make pre-build main-build 
a9-linaro-pre-build-step
' '
'Building file: ../src/Image_transfer.c'
'Invoking: ARM v7 gcc compiler'
arm-none-eabi-gcc -Wall -O0 -g3 -c -fmessage-length=0 -MT"src/Image_transfer.o" -mcpu=cortex-a9 -mfpu=vfpv3 -mfloat-abi=hard -I../../tcp_test_bsp/ps7_cortexa9_0/include -MMD -MP -MF"src/Image_transfer.d" -MT"src/Image_transfer.o" -o "src/Image_transfer.o" "../src/Image_transfer.c"
../src/Image_transfer.c: In function 'read_out_data':
../src/Image_transfer.c:61:6: warning: unused variable 'out_en' [-Wunused-variable]
  int out_en = 0;
      ^~~~~~
../src/Image_transfer.c: In function 'read_image_data':
../src/Image_transfer.c:116:27: warning: unused variable 'buf_index' [-Wunused-variable]
  int pixel_num = 0, i =0, buf_index = 0;
                           ^~~~~~~~~
../src/Image_transfer.c:116:21: warning: unused variable 'i' [-Wunused-variable]
  int pixel_num = 0, i =0, buf_index = 0;
                     ^
../src/Image_transfer.c: In function 'trans_image_data':
../src/Image_transfer.c:197:6: warning: unused variable 'i' [-Wunused-variable]
  int i;
      ^
'Finished building: ../src/Image_transfer.c'
' '
'Building target: tcp_test.elf'
'Invoking: ARM v7 gcc linker'
arm-none-eabi-gcc -mcpu=cortex-a9 -mfpu=vfpv3 -mfloat-abi=hard -Wl,-build-id=none -specs=Xilinx.spec -Wl,-T -Wl,../src/lscript.ld -L../../tcp_test_bsp/ps7_cortexa9_0/lib -o "tcp_test.elf"  ./src/Image_transfer.o ./src/echo.o ./src/i2c_access.o ./src/iic_phyreset.o ./src/main.o ./src/platform.o ./src/platform_mb.o ./src/platform_ppc.o ./src/platform_zynq.o ./src/platform_zynqmp.o ./src/sfp.o ./src/si5324.o   -Wl,--start-group,-lxil,-lgcc,-lc,--end-group -Wl,--start-group,-lxil,-llwip4,-lgcc,-lc,--end-group
'Finished building target: tcp_test.elf'
' '
'Invoking: ARM v7 Print Size'
arm-none-eabi-size tcp_test.elf  |tee "tcp_test.elf.size"
   text	   data	    bss	    dec	    hex	filename
 107748	   3860	19962144	20073752	1324d18	tcp_test.elf
'Finished building: tcp_test.elf.size'
' '
22:48:59 **** Incremental Build of configuration Debug for project tcp_test ****
make pre-build main-build 
a9-linaro-pre-build-step
' '
make: Nothing to be done for `main-build'.
22:49:51 **** Incremental Build of configuration Debug for project tcp_test ****
make pre-build main-build 
a9-linaro-pre-build-step
' '
make: Nothing to be done for `main-build'.
20:36:53 **** Incremental Build of configuration Debug for project tcp_test ****
make pre-build main-build 
a9-linaro-pre-build-step
' '
make: Nothing to be done for `main-build'.
21:37:19 **** Incremental Build of configuration Debug for project tcp_test ****
make pre-build main-build 
a9-linaro-pre-build-step
' '
'Building file: ../src/Image_transfer.c'
'Invoking: ARM v7 gcc compiler'
arm-none-eabi-gcc -Wall -O0 -g3 -c -fmessage-length=0 -MT"src/Image_transfer.o" -mcpu=cortex-a9 -mfpu=vfpv3 -mfloat-abi=hard -I../../tcp_test_bsp/ps7_cortexa9_0/include -MMD -MP -MF"src/Image_transfer.d" -MT"src/Image_transfer.o" -o "src/Image_transfer.o" "../src/Image_transfer.c"
../src/Image_transfer.c: In function 'read_out_data':
../src/Image_transfer.c:61:6: warning: unused variable 'out_en' [-Wunused-variable]
  int out_en = 0;
      ^~~~~~
../src/Image_transfer.c: In function 'read_image_data':
../src/Image_transfer.c:116:27: warning: unused variable 'buf_index' [-Wunused-variable]
  int pixel_num = 0, i =0, buf_index = 0;
                           ^~~~~~~~~
../src/Image_transfer.c:116:21: warning: unused variable 'i' [-Wunused-variable]
  int pixel_num = 0, i =0, buf_index = 0;
                     ^
../src/Image_transfer.c: In function 'trans_image_data':
../src/Image_transfer.c:197:6: warning: unused variable 'i' [-Wunused-variable]
  int i;
      ^
'Finished building: ../src/Image_transfer.c'
' '
'Building target: tcp_test.elf'
'Invoking: ARM v7 gcc linker'
arm-none-eabi-gcc -mcpu=cortex-a9 -mfpu=vfpv3 -mfloat-abi=hard -Wl,-build-id=none -specs=Xilinx.spec -Wl,-T -Wl,../src/lscript.ld -L../../tcp_test_bsp/ps7_cortexa9_0/lib -o "tcp_test.elf"  ./src/Image_transfer.o ./src/echo.o ./src/i2c_access.o ./src/iic_phyreset.o ./src/main.o ./src/platform.o ./src/platform_mb.o ./src/platform_ppc.o ./src/platform_zynq.o ./src/platform_zynqmp.o ./src/sfp.o ./src/si5324.o   -Wl,--start-group,-lxil,-lgcc,-lc,--end-group -Wl,--start-group,-lxil,-llwip4,-lgcc,-lc,--end-group
'Finished building target: tcp_test.elf'
' '
'Invoking: ARM v7 Print Size'
arm-none-eabi-size tcp_test.elf  |tee "tcp_test.elf.size"
   text	   data	    bss	    dec	    hex	filename
 107748	   3860	19962144	20073752	1324d18	tcp_test.elf
'Finished building: tcp_test.elf.size'
' '
21:39:50 **** Auto Build of configuration Debug for project tcp_test ****
make pre-build main-build 
a9-linaro-pre-build-step
' '
'Building file: ../src/Image_transfer.c'
'Invoking: ARM v7 gcc compiler'
arm-none-eabi-gcc -Wall -O0 -g3 -c -fmessage-length=0 -MT"src/Image_transfer.o" -mcpu=cortex-a9 -mfpu=vfpv3 -mfloat-abi=hard -I../../tcp_test_bsp/ps7_cortexa9_0/include -MMD -MP -MF"src/Image_transfer.d" -MT"src/Image_transfer.o" -o "src/Image_transfer.o" "../src/Image_transfer.c"
../src/Image_transfer.c: In function 'read_out_data':
../src/Image_transfer.c:61:6: warning: unused variable 'out_en' [-Wunused-variable]
  int out_en = 0;
      ^~~~~~
../src/Image_transfer.c: In function 'read_image_data':
../src/Image_transfer.c:116:27: warning: unused variable 'buf_index' [-Wunused-variable]
  int pixel_num = 0, i =0, buf_index = 0;
                           ^~~~~~~~~
../src/Image_transfer.c:116:21: warning: unused variable 'i' [-Wunused-variable]
  int pixel_num = 0, i =0, buf_index = 0;
                     ^
../src/Image_transfer.c: In function 'trans_image_data':
../src/Image_transfer.c:197:6: warning: unused variable 'i' [-Wunused-variable]
  int i;
      ^
'Finished building: ../src/Image_transfer.c'
' '
'Building target: tcp_test.elf'
'Invoking: ARM v7 gcc linker'
arm-none-eabi-gcc -mcpu=cortex-a9 -mfpu=vfpv3 -mfloat-abi=hard -Wl,-build-id=none -specs=Xilinx.spec -Wl,-T -Wl,../src/lscript.ld -L../../tcp_test_bsp/ps7_cortexa9_0/lib -o "tcp_test.elf"  ./src/Image_transfer.o ./src/echo.o ./src/i2c_access.o ./src/iic_phyreset.o ./src/main.o ./src/platform.o ./src/platform_mb.o ./src/platform_ppc.o ./src/platform_zynq.o ./src/platform_zynqmp.o ./src/sfp.o ./src/si5324.o   -Wl,--start-group,-lxil,-lgcc,-lc,--end-group -Wl,--start-group,-lxil,-llwip4,-lgcc,-lc,--end-group
'Finished building target: tcp_test.elf'
' '
'Invoking: ARM v7 Print Size'
arm-none-eabi-size tcp_test.elf  |tee "tcp_test.elf.size"
   text	   data	    bss	    dec	    hex	filename
 107748	   3860	19962144	20073752	1324d18	tcp_test.elf
'Finished building: tcp_test.elf.size'
' '
21:39:52 **** Incremental Build of configuration Debug for project tcp_test ****
make pre-build main-build 
a9-linaro-pre-build-step
' '
make: Nothing to be done for `main-build'.
21:45:02 **** Incremental Build of configuration Debug for project tcp_test ****
make pre-build main-build 
a9-linaro-pre-build-step
' '
make: Nothing to be done for `main-build'.
21:46:29 **** Incremental Build of configuration Debug for project tcp_test ****
make pre-build main-build 
a9-linaro-pre-build-step
' '
make: Nothing to be done for `main-build'.
21:47:11 **** Incremental Build of configuration Debug for project tcp_test ****
make pre-build main-build 
a9-linaro-pre-build-step
' '
make: Nothing to be done for `main-build'.
21:47:55 **** Incremental Build of configuration Debug for project tcp_test ****
make pre-build main-build 
a9-linaro-pre-build-step
' '
make: Nothing to be done for `main-build'.
21:51:40 **** Incremental Build of configuration Debug for project tcp_test ****
make pre-build main-build 
a9-linaro-pre-build-step
' '
make: Nothing to be done for `main-build'.
21:52:52 **** Incremental Build of configuration Debug for project tcp_test ****
make pre-build main-build 
a9-linaro-pre-build-step
' '
make: Nothing to be done for `main-build'.
21:54:08 **** Incremental Build of configuration Debug for project tcp_test ****
make pre-build main-build 
a9-linaro-pre-build-step
' '
make: Nothing to be done for `main-build'.
21:55:28 **** Incremental Build of configuration Debug for project tcp_test ****
make pre-build main-build 
a9-linaro-pre-build-step
' '
make: Nothing to be done for `main-build'.
21:56:47 **** Incremental Build of configuration Debug for project tcp_test ****
make pre-build main-build 
a9-linaro-pre-build-step
' '
make: Nothing to be done for `main-build'.
21:59:03 **** Incremental Build of configuration Debug for project tcp_test ****
make pre-build main-build 
a9-linaro-pre-build-step
' '
make: Nothing to be done for `main-build'.
22:00:15 **** Incremental Build of configuration Debug for project tcp_test ****
make pre-build main-build 
a9-linaro-pre-build-step
' '
make: Nothing to be done for `main-build'.
22:01:51 **** Incremental Build of configuration Debug for project tcp_test ****
make pre-build main-build 
a9-linaro-pre-build-step
' '
make: Nothing to be done for `main-build'.
22:04:04 **** Incremental Build of configuration Debug for project tcp_test ****
make pre-build main-build 
a9-linaro-pre-build-step
' '
make: Nothing to be done for `main-build'.
22:05:48 **** Incremental Build of configuration Debug for project tcp_test ****
make pre-build main-build 
a9-linaro-pre-build-step
' '
make: Nothing to be done for `main-build'.
22:07:59 **** Incremental Build of configuration Debug for project tcp_test ****
make pre-build main-build 
a9-linaro-pre-build-step
' '
make: Nothing to be done for `main-build'.
22:08:27 **** Incremental Build of configuration Debug for project tcp_test ****
make pre-build main-build 
a9-linaro-pre-build-step
' '
make: Nothing to be done for `main-build'.
22:10:53 **** Incremental Build of configuration Debug for project tcp_test ****
make pre-build main-build 
a9-linaro-pre-build-step
' '
make: Nothing to be done for `main-build'.
22:11:42 **** Incremental Build of configuration Debug for project tcp_test ****
make pre-build main-build 
a9-linaro-pre-build-step
' '
'Building file: ../src/Image_transfer.c'
'Invoking: ARM v7 gcc compiler'
arm-none-eabi-gcc -Wall -O0 -g3 -c -fmessage-length=0 -MT"src/Image_transfer.o" -mcpu=cortex-a9 -mfpu=vfpv3 -mfloat-abi=hard -I../../tcp_test_bsp/ps7_cortexa9_0/include -MMD -MP -MF"src/Image_transfer.d" -MT"src/Image_transfer.o" -o "src/Image_transfer.o" "../src/Image_transfer.c"
../src/Image_transfer.c: In function 'read_out_data':
../src/Image_transfer.c:61:6: warning: unused variable 'out_en' [-Wunused-variable]
  int out_en = 0;
      ^~~~~~
../src/Image_transfer.c: In function 'read_image_data':
../src/Image_transfer.c:116:27: warning: unused variable 'buf_index' [-Wunused-variable]
  int pixel_num = 0, i =0, buf_index = 0;
                           ^~~~~~~~~
../src/Image_transfer.c:116:21: warning: unused variable 'i' [-Wunused-variable]
  int pixel_num = 0, i =0, buf_index = 0;
                     ^
../src/Image_transfer.c: In function 'trans_image_data':
../src/Image_transfer.c:197:6: warning: unused variable 'i' [-Wunused-variable]
  int i;
      ^
'Finished building: ../src/Image_transfer.c'
' '
'Building target: tcp_test.elf'
'Invoking: ARM v7 gcc linker'
arm-none-eabi-gcc -mcpu=cortex-a9 -mfpu=vfpv3 -mfloat-abi=hard -Wl,-build-id=none -specs=Xilinx.spec -Wl,-T -Wl,../src/lscript.ld -L../../tcp_test_bsp/ps7_cortexa9_0/lib -o "tcp_test.elf"  ./src/Image_transfer.o ./src/echo.o ./src/i2c_access.o ./src/iic_phyreset.o ./src/main.o ./src/platform.o ./src/platform_mb.o ./src/platform_ppc.o ./src/platform_zynq.o ./src/platform_zynqmp.o ./src/sfp.o ./src/si5324.o   -Wl,--start-group,-lxil,-lgcc,-lc,--end-group -Wl,--start-group,-lxil,-llwip4,-lgcc,-lc,--end-group
'Finished building target: tcp_test.elf'
' '
'Invoking: ARM v7 Print Size'
arm-none-eabi-size tcp_test.elf  |tee "tcp_test.elf.size"
   text	   data	    bss	    dec	    hex	filename
 107748	   3860	19962144	20073752	1324d18	tcp_test.elf
'Finished building: tcp_test.elf.size'
' '
22:13:07 **** Incremental Build of configuration Debug for project tcp_test ****
make pre-build main-build 
a9-linaro-pre-build-step
' '
make: Nothing to be done for `main-build'.
22:14:37 **** Incremental Build of configuration Debug for project tcp_test ****
make pre-build main-build 
a9-linaro-pre-build-step
' '
make: Nothing to be done for `main-build'.
[...]
  int frame_num;
      ^~~~~~~~~
../src/Image_transfer.c:277:6: warning: unused variable 'i' [-Wunused-variable]
  int i;
      ^
'Finished building: ../src/Image_transfer.c'
' '
'Building target: tcp_test.elf'
'Invoking: ARM v7 gcc linker'
arm-none-eabi-gcc -mcpu=cortex-a9 -mfpu=vfpv3 -mfloat-abi=hard -Wl,-build-id=none -specs=Xilinx.spec -Wl,-T -Wl,../src/lscript.ld -L../../tcp_test_bsp/ps7_cortexa9_0/lib -o "tcp_test.elf"  ./src/Image_transfer.o ./src/echo.o ./src/i2c_access.o ./src/iic_phyreset.o ./src/main.o ./src/platform.o ./src/platform_mb.o ./src/platform_ppc.o ./src/platform_zynq.o ./src/platform_zynqmp.o ./src/sfp.o ./src/si5324.o   -Wl,--start-group,-lxil,-lgcc,-lc,--end-group -Wl,--start-group,-lxil,-llwip4,-lgcc,-lc,--end-group
'Finished building target: tcp_test.elf'
' '
'Invoking: ARM v7 Print Size'
arm-none-eabi-size tcp_test.elf  |tee "tcp_test.elf.size"
   text	   data	    bss	    dec	    hex	filename
 109032	   3860	19962144	20075036	132521c	tcp_test.elf
'Finished building: tcp_test.elf.size'
' '
01:09:43 **** Auto Build of configuration Debug for project tcp_test ****
make pre-build main-build 
a9-linaro-pre-build-step
' '
'Building file: ../src/Image_transfer.c'
'Invoking: ARM v7 gcc compiler'
arm-none-eabi-gcc -Wall -O0 -g3 -c -fmessage-length=0 -MT"src/Image_transfer.o" -mcpu=cortex-a9 -mfpu=vfpv3 -mfloat-abi=hard -I../../tcp_test_bsp/ps7_cortexa9_0/include -MMD -MP -MF"src/Image_transfer.d" -MT"src/Image_transfer.o" -o "src/Image_transfer.o" "../src/Image_transfer.c"
../src/Image_transfer.c: In function 'trans_image_data':
../src/Image_transfer.c:280:6: warning: unused variable 'frame_num' [-Wunused-variable]
  int frame_num;
      ^~~~~~~~~
../src/Image_transfer.c:279:6: warning: unused variable 'i' [-Wunused-variable]
  int i;
      ^
'Finished building: ../src/Image_transfer.c'
' '
'Building target: tcp_test.elf'
'Invoking: ARM v7 gcc linker'
arm-none-eabi-gcc -mcpu=cortex-a9 -mfpu=vfpv3 -mfloat-abi=hard -Wl,-build-id=none -specs=Xilinx.spec -Wl,-T -Wl,../src/lscript.ld -L../../tcp_test_bsp/ps7_cortexa9_0/lib -o "tcp_test.elf"  ./src/Image_transfer.o ./src/echo.o ./src/i2c_access.o ./src/iic_phyreset.o ./src/main.o ./src/platform.o ./src/platform_mb.o ./src/platform_ppc.o ./src/platform_zynq.o ./src/platform_zynqmp.o ./src/sfp.o ./src/si5324.o   -Wl,--start-group,-lxil,-lgcc,-lc,--end-group -Wl,--start-group,-lxil,-llwip4,-lgcc,-lc,--end-group
'Finished building target: tcp_test.elf'
' '
'Invoking: ARM v7 Print Size'
arm-none-eabi-size tcp_test.elf  |tee "tcp_test.elf.size"
   text	   data	    bss	    dec	    hex	filename
 109032	   3860	19962144	20075036	132521c	tcp_test.elf
'Finished building: tcp_test.elf.size'
' '
01:12:35 **** Auto Build of configuration Debug for project tcp_test ****
make pre-build main-build 
a9-linaro-pre-build-step
' '
'Building file: ../src/Image_transfer.c'
'Invoking: ARM v7 gcc compiler'
arm-none-eabi-gcc -Wall -O0 -g3 -c -fmessage-length=0 -MT"src/Image_transfer.o" -mcpu=cortex-a9 -mfpu=vfpv3 -mfloat-abi=hard -I../../tcp_test_bsp/ps7_cortexa9_0/include -MMD -MP -MF"src/Image_transfer.d" -MT"src/Image_transfer.o" -o "src/Image_transfer.o" "../src/Image_transfer.c"
../src/Image_transfer.c: In function 'trans_image_data':
../src/Image_transfer.c:280:6: warning: unused variable 'frame_num' [-Wunused-variable]
  int frame_num;
      ^~~~~~~~~
../src/Image_transfer.c:279:6: warning: unused variable 'i' [-Wunused-variable]
  int i;
      ^
'Finished building: ../src/Image_transfer.c'
' '
'Building target: tcp_test.elf'
'Invoking: ARM v7 gcc linker'
arm-none-eabi-gcc -mcpu=cortex-a9 -mfpu=vfpv3 -mfloat-abi=hard -Wl,-build-id=none -specs=Xilinx.spec -Wl,-T -Wl,../src/lscript.ld -L../../tcp_test_bsp/ps7_cortexa9_0/lib -o "tcp_test.elf"  ./src/Image_transfer.o ./src/echo.o ./src/i2c_access.o ./src/iic_phyreset.o ./src/main.o ./src/platform.o ./src/platform_mb.o ./src/platform_ppc.o ./src/platform_zynq.o ./src/platform_zynqmp.o ./src/sfp.o ./src/si5324.o   -Wl,--start-group,-lxil,-lgcc,-lc,--end-group -Wl,--start-group,-lxil,-llwip4,-lgcc,-lc,--end-group
'Finished building target: tcp_test.elf'
' '
'Invoking: ARM v7 Print Size'
arm-none-eabi-size tcp_test.elf  |tee "tcp_test.elf.size"
   text	   data	    bss	    dec	    hex	filename
 109032	   3860	19962144	20075036	132521c	tcp_test.elf
'Finished building: tcp_test.elf.size'
' '
01:13:07 **** Auto Build of configuration Debug for project tcp_test ****
make pre-build main-build 
a9-linaro-pre-build-step
' '
'Building file: ../src/Image_transfer.c'
'Invoking: ARM v7 gcc compiler'
arm-none-eabi-gcc -Wall -O0 -g3 -c -fmessage-length=0 -MT"src/Image_transfer.o" -mcpu=cortex-a9 -mfpu=vfpv3 -mfloat-abi=hard -I../../tcp_test_bsp/ps7_cortexa9_0/include -MMD -MP -MF"src/Image_transfer.d" -MT"src/Image_transfer.o" -o "src/Image_transfer.o" "../src/Image_transfer.c"
../src/Image_transfer.c: In function 'trans_image_data':
../src/Image_transfer.c:280:6: warning: unused variable 'frame_num' [-Wunused-variable]
  int frame_num;
      ^~~~~~~~~
../src/Image_transfer.c:279:6: warning: unused variable 'i' [-Wunused-variable]
  int i;
      ^
'Finished building: ../src/Image_transfer.c'
' '
'Building target: tcp_test.elf'
'Invoking: ARM v7 gcc linker'
arm-none-eabi-gcc -mcpu=cortex-a9 -mfpu=vfpv3 -mfloat-abi=hard -Wl,-build-id=none -specs=Xilinx.spec -Wl,-T -Wl,../src/lscript.ld -L../../tcp_test_bsp/ps7_cortexa9_0/lib -o "tcp_test.elf"  ./src/Image_transfer.o ./src/echo.o ./src/i2c_access.o ./src/iic_phyreset.o ./src/main.o ./src/platform.o ./src/platform_mb.o ./src/platform_ppc.o ./src/platform_zynq.o ./src/platform_zynqmp.o ./src/sfp.o ./src/si5324.o   -Wl,--start-group,-lxil,-lgcc,-lc,--end-group -Wl,--start-group,-lxil,-llwip4,-lgcc,-lc,--end-group
'Finished building target: tcp_test.elf'
' '
'Invoking: ARM v7 Print Size'
arm-none-eabi-size tcp_test.elf  |tee "tcp_test.elf.size"
   text	   data	    bss	    dec	    hex	filename
 109032	   3860	19962144	20075036	132521c	tcp_test.elf
'Finished building: tcp_test.elf.size'
' '
01:13:46 **** Incremental Build of configuration Debug for project tcp_test ****
make pre-build main-build 
a9-linaro-pre-build-step
' '
make: Nothing to be done for `main-build'.
01:21:20 **** Auto Build of configuration Debug for project tcp_test ****
make pre-build main-build 
a9-linaro-pre-build-step
' '
'Building file: ../src/Image_transfer.c'
'Invoking: ARM v7 gcc compiler'
arm-none-eabi-gcc -Wall -O0 -g3 -c -fmessage-length=0 -MT"src/Image_transfer.o" -mcpu=cortex-a9 -mfpu=vfpv3 -mfloat-abi=hard -I../../tcp_test_bsp/ps7_cortexa9_0/include -MMD -MP -MF"src/Image_transfer.d" -MT"src/Image_transfer.o" -o "src/Image_transfer.o" "../src/Image_transfer.c"
../src/Image_transfer.c: In function 'trans_image_data':
../src/Image_transfer.c:281:6: warning: unused variable 'frame_num' [-Wunused-variable]
  int frame_num;
      ^~~~~~~~~
../src/Image_transfer.c:280:6: warning: unused variable 'i' [-Wunused-variable]
  int i;
      ^
'Finished building: ../src/Image_transfer.c'
' '
'Building target: tcp_test.elf'
'Invoking: ARM v7 gcc linker'
arm-none-eabi-gcc -mcpu=cortex-a9 -mfpu=vfpv3 -mfloat-abi=hard -Wl,-build-id=none -specs=Xilinx.spec -Wl,-T -Wl,../src/lscript.ld -L../../tcp_test_bsp/ps7_cortexa9_0/lib -o "tcp_test.elf"  ./src/Image_transfer.o ./src/echo.o ./src/i2c_access.o ./src/iic_phyreset.o ./src/main.o ./src/platform.o ./src/platform_mb.o ./src/platform_ppc.o ./src/platform_zynq.o ./src/platform_zynqmp.o ./src/sfp.o ./src/si5324.o   -Wl,--start-group,-lxil,-lgcc,-lc,--end-group -Wl,--start-group,-lxil,-llwip4,-lgcc,-lc,--end-group
'Finished building target: tcp_test.elf'
' '
'Invoking: ARM v7 Print Size'
arm-none-eabi-size tcp_test.elf  |tee "tcp_test.elf.size"
   text	   data	    bss	    dec	    hex	filename
 109032	   3860	19962144	20075036	132521c	tcp_test.elf
'Finished building: tcp_test.elf.size'
' '
01:22:50 **** Auto Build of configuration Debug for project tcp_test ****
make pre-build main-build 
a9-linaro-pre-build-step
' '
'Building file: ../src/Image_transfer.c'
'Invoking: ARM v7 gcc compiler'
arm-none-eabi-gcc -Wall -O0 -g3 -c -fmessage-length=0 -MT"src/Image_transfer.o" -mcpu=cortex-a9 -mfpu=vfpv3 -mfloat-abi=hard -I../../tcp_test_bsp/ps7_cortexa9_0/include -MMD -MP -MF"src/Image_transfer.d" -MT"src/Image_transfer.o" -o "src/Image_transfer.o" "../src/Image_transfer.c"
../src/Image_transfer.c: In function 'trans_image_data':
../src/Image_transfer.c:281:6: warning: unused variable 'frame_num' [-Wunused-variable]
  int frame_num;
      ^~~~~~~~~
../src/Image_transfer.c:280:6: warning: unused variable 'i' [-Wunused-variable]
  int i;
      ^
'Finished building: ../src/Image_transfer.c'
' '
'Building target: tcp_test.elf'
'Invoking: ARM v7 gcc linker'
arm-none-eabi-gcc -mcpu=cortex-a9 -mfpu=vfpv3 -mfloat-abi=hard -Wl,-build-id=none -specs=Xilinx.spec -Wl,-T -Wl,../src/lscript.ld -L../../tcp_test_bsp/ps7_cortexa9_0/lib -o "tcp_test.elf"  ./src/Image_transfer.o ./src/echo.o ./src/i2c_access.o ./src/iic_phyreset.o ./src/main.o ./src/platform.o ./src/platform_mb.o ./src/platform_ppc.o ./src/platform_zynq.o ./src/platform_zynqmp.o ./src/sfp.o ./src/si5324.o   -Wl,--start-group,-lxil,-lgcc,-lc,--end-group -Wl,--start-group,-lxil,-llwip4,-lgcc,-lc,--end-group
'Finished building target: tcp_test.elf'
' '
'Invoking: ARM v7 Print Size'
arm-none-eabi-size tcp_test.elf  |tee "tcp_test.elf.size"
   text	   data	    bss	    dec	    hex	filename
 109032	   3860	19962144	20075036	132521c	tcp_test.elf
'Finished building: tcp_test.elf.size'
' '
01:24:07 **** Auto Build of configuration Debug for project tcp_test ****
make pre-build main-build 
a9-linaro-pre-build-step
' '
'Building file: ../src/main.c'
'Invoking: ARM v7 gcc compiler'
arm-none-eabi-gcc -Wall -O0 -g3 -c -fmessage-length=0 -MT"src/main.o" -mcpu=cortex-a9 -mfpu=vfpv3 -mfloat-abi=hard -I../../tcp_test_bsp/ps7_cortexa9_0/include -MMD -MP -MF"src/main.d" -MT"src/main.o" -o "src/main.o" "../src/main.c"
../src/main.c: In function 'main':
../src/main.c:107:6: warning: unused variable 'res' [-Wunused-variable]
  int res;
      ^~~
'Finished building: ../src/main.c'
' '
'Building target: tcp_test.elf'
'Invoking: ARM v7 gcc linker'
arm-none-eabi-gcc -mcpu=cortex-a9 -mfpu=vfpv3 -mfloat-abi=hard -Wl,-build-id=none -specs=Xilinx.spec -Wl,-T -Wl,../src/lscript.ld -L../../tcp_test_bsp/ps7_cortexa9_0/lib -o "tcp_test.elf"  ./src/Image_transfer.o ./src/echo.o ./src/i2c_access.o ./src/iic_phyreset.o ./src/main.o ./src/platform.o ./src/platform_mb.o ./src/platform_ppc.o ./src/platform_zynq.o ./src/platform_zynqmp.o ./src/sfp.o ./src/si5324.o   -Wl,--start-group,-lxil,-lgcc,-lc,--end-group -Wl,--start-group,-lxil,-llwip4,-lgcc,-lc,--end-group
'Finished building target: tcp_test.elf'
' '
'Invoking: ARM v7 Print Size'
arm-none-eabi-size tcp_test.elf  |tee "tcp_test.elf.size"
   text	   data	    bss	    dec	    hex	filename
 109032	   3860	19962144	20075036	132521c	tcp_test.elf
'Finished building: tcp_test.elf.size'
' '
01:24:10 **** Auto Build of configuration Debug for project tcp_test ****
make pre-build main-build 
a9-linaro-pre-build-step
' '
'Building file: ../src/Image_transfer.c'
'Invoking: ARM v7 gcc compiler'
arm-none-eabi-gcc -Wall -O0 -g3 -c -fmessage-length=0 -MT"src/Image_transfer.o" -mcpu=cortex-a9 -mfpu=vfpv3 -mfloat-abi=hard -I../../tcp_test_bsp/ps7_cortexa9_0/include -MMD -MP -MF"src/Image_transfer.d" -MT"src/Image_transfer.o" -o "src/Image_transfer.o" "../src/Image_transfer.c"
../src/Image_transfer.c: In function 'trans_image_data':
../src/Image_transfer.c:280:6: warning: unused variable 'frame_num' [-Wunused-variable]
  int frame_num;
      ^~~~~~~~~
../src/Image_transfer.c:279:6: warning: unused variable 'i' [-Wunused-variable]
  int i;
      ^
'Finished building: ../src/Image_transfer.c'
' '
'Building target: tcp_test.elf'
'Invoking: ARM v7 gcc linker'
arm-none-eabi-gcc -mcpu=cortex-a9 -mfpu=vfpv3 -mfloat-abi=hard -Wl,-build-id=none -specs=Xilinx.spec -Wl,-T -Wl,../src/lscript.ld -L../../tcp_test_bsp/ps7_cortexa9_0/lib -o "tcp_test.elf"  ./src/Image_transfer.o ./src/echo.o ./src/i2c_access.o ./src/iic_phyreset.o ./src/main.o ./src/platform.o ./src/platform_mb.o ./src/platform_ppc.o ./src/platform_zynq.o ./src/platform_zynqmp.o ./src/sfp.o ./src/si5324.o   -Wl,--start-group,-lxil,-lgcc,-lc,--end-group -Wl,--start-group,-lxil,-llwip4,-lgcc,-lc,--end-group
'Finished building target: tcp_test.elf'
' '
'Invoking: ARM v7 Print Size'
arm-none-eabi-size tcp_test.elf  |tee "tcp_test.elf.size"
   text	   data	    bss	    dec	    hex	filename
 109032	   3860	19962144	20075036	132521c	tcp_test.elf
'Finished building: tcp_test.elf.size'
' '
01:25:29 **** Incremental Build of configuration Debug for project tcp_test ****
make pre-build main-build 
a9-linaro-pre-build-step
' '
make: Nothing to be done for `main-build'.
01:27:50 **** Auto Build of configuration Debug for project tcp_test ****
make pre-build main-build 
a9-linaro-pre-build-step
' '
'Building file: ../src/Image_transfer.c'
'Invoking: ARM v7 gcc compiler'
arm-none-eabi-gcc -Wall -O0 -g3 -c -fmessage-length=0 -MT"src/Image_transfer.o" -mcpu=cortex-a9 -mfpu=vfpv3 -mfloat-abi=hard -I../../tcp_test_bsp/ps7_cortexa9_0/include -MMD -MP -MF"src/Image_transfer.d" -MT"src/Image_transfer.o" -o "src/Image_transfer.o" "../src/Image_transfer.c"
../src/Image_transfer.c: In function 'trans_image_data':
../src/Image_transfer.c:280:6: warning: unused variable 'frame_num' [-Wunused-variable]
  int frame_num;
      ^~~~~~~~~
../src/Image_transfer.c:279:6: warning: unused variable 'i' [-Wunused-variable]
  int i;
      ^
'Finished building: ../src/Image_transfer.c'
' '
'Building target: tcp_test.elf'
'Invoking: ARM v7 gcc linker'
arm-none-eabi-gcc -mcpu=cortex-a9 -mfpu=vfpv3 -mfloat-abi=hard -Wl,-build-id=none -specs=Xilinx.spec -Wl,-T -Wl,../src/lscript.ld -L../../tcp_test_bsp/ps7_cortexa9_0/lib -o "tcp_test.elf"  ./src/Image_transfer.o ./src/echo.o ./src/i2c_access.o ./src/iic_phyreset.o ./src/main.o ./src/platform.o ./src/platform_mb.o ./src/platform_ppc.o ./src/platform_zynq.o ./src/platform_zynqmp.o ./src/sfp.o ./src/si5324.o   -Wl,--start-group,-lxil,-lgcc,-lc,--end-group -Wl,--start-group,-lxil,-llwip4,-lgcc,-lc,--end-group
'Finished building target: tcp_test.elf'
' '
'Invoking: ARM v7 Print Size'
arm-none-eabi-size tcp_test.elf  |tee "tcp_test.elf.size"
   text	   data	    bss	    dec	    hex	filename
 109032	   3860	19962144	20075036	132521c	tcp_test.elf
'Finished building: tcp_test.elf.size'
' '
01:28:09 **** Incremental Build of configuration Debug for project tcp_test ****
make pre-build main-build 
a9-linaro-pre-build-step
' '
make: Nothing to be done for `main-build'.
21:35:37 **** Incremental Build of configuration Debug for project tcp_test ****
make pre-build main-build 
a9-linaro-pre-build-step
' '
make: Nothing to be done for `main-build'.
21:36:16 **** Auto Build of configuration Debug for project tcp_test ****
make pre-build main-build 
a9-linaro-pre-build-step
' '
'Building file: ../src/main.c'
'Invoking: ARM v7 gcc compiler'
arm-none-eabi-gcc -Wall -O0 -g3 -c -fmessage-length=0 -MT"src/main.o" -mcpu=cortex-a9 -mfpu=vfpv3 -mfloat-abi=hard -I../../tcp_test_bsp/ps7_cortexa9_0/include -MMD -MP -MF"src/main.d" -MT"src/main.o" -o "src/main.o" "../src/main.c"
../src/main.c: In function 'main':
../src/main.c:107:6: warning: variable 'res' set but not used [-Wunused-but-set-variable]
  int res;
      ^~~
'Finished building: ../src/main.c'
' '
'Building target: tcp_test.elf'
'Invoking: ARM v7 gcc linker'
arm-none-eabi-gcc -mcpu=cortex-a9 -mfpu=vfpv3 -mfloat-abi=hard -Wl,-build-id=none -specs=Xilinx.spec -Wl,-T -Wl,../src/lscript.ld -L../../tcp_test_bsp/ps7_cortexa9_0/lib -o "tcp_test.elf"  ./src/Image_transfer.o ./src/echo.o ./src/i2c_access.o ./src/iic_phyreset.o ./src/main.o ./src/platform.o ./src/platform_mb.o ./src/platform_ppc.o ./src/platform_zynq.o ./src/platform_zynqmp.o ./src/sfp.o ./src/si5324.o   -Wl,--start-group,-lxil,-lgcc,-lc,--end-group -Wl,--start-group,-lxil,-llwip4,-lgcc,-lc,--end-group
'Finished building target: tcp_test.elf'
' '
'Invoking: ARM v7 Print Size'
arm-none-eabi-size tcp_test.elf  |tee "tcp_test.elf.size"
   text	   data	    bss	    dec	    hex	filename
 109032	   3860	19962144	20075036	132521c	tcp_test.elf
'Finished building: tcp_test.elf.size'
' '
21:36:24 **** Incremental Build of configuration Debug for project tcp_test ****
make pre-build main-build 
a9-linaro-pre-build-step
' '
make: Nothing to be done for `main-build'.
21:37:57 **** Incremental Build of configuration Debug for project tcp_test ****
make pre-build main-build 
a9-linaro-pre-build-step
' '
make: Nothing to be done for `main-build'.
21:38:00 **** Incremental Build of configuration Debug for project tcp_test ****
make pre-build main-build 
a9-linaro-pre-build-step
' '
make: Nothing to be done for `main-build'.
21:40:30 **** Incremental Build of configuration Debug for project tcp_test ****
make pre-build main-build 
a9-linaro-pre-build-step
' '
make: Nothing to be done for `main-build'.
21:41:22 **** Incremental Build of configuration Debug for project tcp_test ****
make pre-build main-build 
a9-linaro-pre-build-step
' '
make: Nothing to be done for `main-build'.
21:42:56 **** Incremental Build of configuration Debug for project tcp_test ****
make pre-build main-build 
a9-linaro-pre-build-step
' '
make: Nothing to be done for `main-build'.
21:44:30 **** Incremental Build of configuration Debug for project tcp_test ****
make pre-build main-build 
a9-linaro-pre-build-step
' '
make: Nothing to be done for `main-build'.
23:15:59 **** Incremental Build of configuration Debug for project tcp_test ****
make pre-build main-build 
a9-linaro-pre-build-step
' '
make: Nothing to be done for `main-build'.
00:00:37 **** Incremental Build of configuration Debug for project tcp_test ****
make pre-build main-build 
a9-linaro-pre-build-step
' '
make: Nothing to be done for `main-build'.
00:04:25 **** Incremental Build of configuration Debug for project tcp_test ****
make pre-build main-build 
a9-linaro-pre-build-step
' '
make: Nothing to be done for `main-build'.
00:07:18 **** Auto Build of configuration Debug for project tcp_test ****
make pre-build main-build 
a9-linaro-pre-build-step
' '
'Building file: ../src/Image_transfer.c'
'Invoking: ARM v7 gcc compiler'
arm-none-eabi-gcc -Wall -O0 -g3 -c -fmessage-length=0 -MT"src/Image_transfer.o" -mcpu=cortex-a9 -mfpu=vfpv3 -mfloat-abi=hard -I../../tcp_test_bsp/ps7_cortexa9_0/include -MMD -MP -MF"src/Image_transfer.d" -MT"src/Image_transfer.o" -o "src/Image_transfer.o" "../src/Image_transfer.c"
../src/Image_transfer.c: In function 'trans_image_data':
../src/Image_transfer.c:266:6: warning: unused variable 'frame_num' [-Wunused-variable]
  int frame_num;
      ^~~~~~~~~
../src/Image_transfer.c:265:6: warning: unused variable 'i' [-Wunused-variable]
  int i;
      ^
'Finished building: ../src/Image_transfer.c'
' '
'Building target: tcp_test.elf'
'Invoking: ARM v7 gcc linker'
arm-none-eabi-gcc -mcpu=cortex-a9 -mfpu=vfpv3 -mfloat-abi=hard -Wl,-build-id=none -specs=Xilinx.spec -Wl,-T -Wl,../src/lscript.ld -L../../tcp_test_bsp/ps7_cortexa9_0/lib -o "tcp_test.elf"  ./src/Image_transfer.o ./src/echo.o ./src/i2c_access.o ./src/iic_phyreset.o ./src/main.o ./src/platform.o ./src/platform_mb.o ./src/platform_ppc.o ./src/platform_zynq.o ./src/platform_zynqmp.o ./src/sfp.o ./src/si5324.o   -Wl,--start-group,-lxil,-lgcc,-lc,--end-group -Wl,--start-group,-lxil,-llwip4,-lgcc,-lc,--end-group
'Finished building target: tcp_test.elf'
' '
'Invoking: ARM v7 Print Size'
arm-none-eabi-size tcp_test.elf  |tee "tcp_test.elf.size"
   text	   data	    bss	    dec	    hex	filename
 108904	   3860	19962144	20074908	132519c	tcp_test.elf
'Finished building: tcp_test.elf.size'
' '
00:07:23 **** Incremental Build of configuration Debug for project tcp_test ****
make pre-build main-build 
a9-linaro-pre-build-step
' '
make: Nothing to be done for `main-build'.
